Archive member included to satisfy reference by file (symbol)

/Users/adamhjermstad/gcc-arm-none-eabi-5_3-2016q1/bin/../lib/gcc/arm-none-eabi/5.3.1/armv7e-m/libgcc.a(_arm_addsubdf3.o)
                              ./src/main.o (__aeabi_dsub)
/Users/adamhjermstad/gcc-arm-none-eabi-5_3-2016q1/bin/../lib/gcc/arm-none-eabi/5.3.1/armv7e-m/libgcc.a(_arm_muldivdf3.o)
                              ./src/main.o (__aeabi_dmul)
/Users/adamhjermstad/gcc-arm-none-eabi-5_3-2016q1/bin/../lib/gcc/arm-none-eabi/5.3.1/armv7e-m/libgcc.a(_arm_truncdfsf2.o)
                              ./src/main.o (__aeabi_d2f)
/Users/adamhjermstad/gcc-arm-none-eabi-5_3-2016q1/bin/../lib/gcc/arm-none-eabi/5.3.1/armv7e-m/libgcc.a(_arm_addsubsf3.o)
                              ./src/main.o (__aeabi_fsub)
/Users/adamhjermstad/gcc-arm-none-eabi-5_3-2016q1/bin/../lib/gcc/arm-none-eabi/5.3.1/armv7e-m/libgcc.a(_arm_muldivsf3.o)
                              ./src/main.o (__aeabi_fmul)
/Users/adamhjermstad/gcc-arm-none-eabi-5_3-2016q1/bin/../lib/gcc/arm-none-eabi/5.3.1/armv7e-m/libgcc.a(_arm_fixsfsi.o)
                              ./src/main.o (__aeabi_f2iz)
/Users/adamhjermstad/gcc-arm-none-eabi-5_3-2016q1/bin/../lib/gcc/arm-none-eabi/5.3.1/../../../../arm-none-eabi/lib/armv7e-m/libg_nano.a(lib_a-errno.o)
                              ./system/src/newlib/_sbrk.o (__errno)
/Users/adamhjermstad/gcc-arm-none-eabi-5_3-2016q1/bin/../lib/gcc/arm-none-eabi/5.3.1/../../../../arm-none-eabi/lib/armv7e-m/libg_nano.a(lib_a-impure.o)
                              /Users/adamhjermstad/gcc-arm-none-eabi-5_3-2016q1/bin/../lib/gcc/arm-none-eabi/5.3.1/../../../../arm-none-eabi/lib/armv7e-m/libg_nano.a(lib_a-errno.o) (_impure_ptr)
/Users/adamhjermstad/gcc-arm-none-eabi-5_3-2016q1/bin/../lib/gcc/arm-none-eabi/5.3.1/../../../../arm-none-eabi/lib/armv7e-m/libg_nano.a(lib_a-nano-vfprintf_float.o)
                              (_printf_float)
/Users/adamhjermstad/gcc-arm-none-eabi-5_3-2016q1/bin/../lib/gcc/arm-none-eabi/5.3.1/../../../../arm-none-eabi/lib/armv7e-m/libg_nano.a(lib_a-nano-vfprintf_i.o)
                              /Users/adamhjermstad/gcc-arm-none-eabi-5_3-2016q1/bin/../lib/gcc/arm-none-eabi/5.3.1/../../../../arm-none-eabi/lib/armv7e-m/libg_nano.a(lib_a-nano-vfprintf_float.o) (_printf_common)
/Users/adamhjermstad/gcc-arm-none-eabi-5_3-2016q1/bin/../lib/gcc/arm-none-eabi/5.3.1/../../../../arm-none-eabi/lib/armv7e-m/libg_nano.a(lib_a-strlen.o)
                              ./system/src/diag/Trace.o (strlen)
/Users/adamhjermstad/gcc-arm-none-eabi-5_3-2016q1/bin/../lib/gcc/arm-none-eabi/5.3.1/../../../../arm-none-eabi/lib/armv7e-m/libg_nano.a(lib_a-vsnprintf.o)
                              ./system/src/diag/Trace.o (vsnprintf)
/Users/adamhjermstad/gcc-arm-none-eabi-5_3-2016q1/bin/../lib/gcc/arm-none-eabi/5.3.1/../../../../arm-none-eabi/lib/armv7e-m/libg_nano.a(lib_a-dtoa.o)
                              /Users/adamhjermstad/gcc-arm-none-eabi-5_3-2016q1/bin/../lib/gcc/arm-none-eabi/5.3.1/../../../../arm-none-eabi/lib/armv7e-m/libg_nano.a(lib_a-nano-vfprintf_float.o) (_dtoa_r)
/Users/adamhjermstad/gcc-arm-none-eabi-5_3-2016q1/bin/../lib/gcc/arm-none-eabi/5.3.1/../../../../arm-none-eabi/lib/armv7e-m/libg_nano.a(lib_a-locale.o)
                              /Users/adamhjermstad/gcc-arm-none-eabi-5_3-2016q1/bin/../lib/gcc/arm-none-eabi/5.3.1/../../../../arm-none-eabi/lib/armv7e-m/libg_nano.a(lib_a-nano-vfprintf_float.o) (_localeconv_r)
/Users/adamhjermstad/gcc-arm-none-eabi-5_3-2016q1/bin/../lib/gcc/arm-none-eabi/5.3.1/../../../../arm-none-eabi/lib/armv7e-m/libg_nano.a(lib_a-malloc.o)
                              /Users/adamhjermstad/gcc-arm-none-eabi-5_3-2016q1/bin/../lib/gcc/arm-none-eabi/5.3.1/../../../../arm-none-eabi/lib/armv7e-m/libg_nano.a(lib_a-dtoa.o) (malloc)
/Users/adamhjermstad/gcc-arm-none-eabi-5_3-2016q1/bin/../lib/gcc/arm-none-eabi/5.3.1/../../../../arm-none-eabi/lib/armv7e-m/libg_nano.a(lib_a-memchr.o)
                              /Users/adamhjermstad/gcc-arm-none-eabi-5_3-2016q1/bin/../lib/gcc/arm-none-eabi/5.3.1/../../../../arm-none-eabi/lib/armv7e-m/libg_nano.a(lib_a-nano-vfprintf_i.o) (memchr)
/Users/adamhjermstad/gcc-arm-none-eabi-5_3-2016q1/bin/../lib/gcc/arm-none-eabi/5.3.1/../../../../arm-none-eabi/lib/armv7e-m/libg_nano.a(lib_a-memcpy-stub.o)
                              /Users/adamhjermstad/gcc-arm-none-eabi-5_3-2016q1/bin/../lib/gcc/arm-none-eabi/5.3.1/../../../../arm-none-eabi/lib/armv7e-m/libg_nano.a(lib_a-dtoa.o) (memcpy)
/Users/adamhjermstad/gcc-arm-none-eabi-5_3-2016q1/bin/../lib/gcc/arm-none-eabi/5.3.1/../../../../arm-none-eabi/lib/armv7e-m/libg_nano.a(lib_a-mprec.o)
                              /Users/adamhjermstad/gcc-arm-none-eabi-5_3-2016q1/bin/../lib/gcc/arm-none-eabi/5.3.1/../../../../arm-none-eabi/lib/armv7e-m/libg_nano.a(lib_a-dtoa.o) (_Balloc)
/Users/adamhjermstad/gcc-arm-none-eabi-5_3-2016q1/bin/../lib/gcc/arm-none-eabi/5.3.1/../../../../arm-none-eabi/lib/armv7e-m/libg_nano.a(lib_a-nano-callocr.o)
[...]
Memory Configuration

Name             Origin             Length             Attributes
RAM              0x0000000020000000 0x000000000000a000 xrw
CCMRAM           0x0000000010000000 0x0000000000002000 xrw
FLASH            0x0000000008000000 0x0000000000040000 xr
FLASHB1          0x0000000000000000 0x0000000000000000 xr
EXTMEMB0         0x0000000000000000 0x0000000000000000 xr
EXTMEMB1         0x0000000000000000 0x0000000000000000 xr
EXTMEMB2         0x0000000000000000 0x0000000000000000 xr
EXTMEMB3         0x0000000000000000 0x0000000000000000 xr
MEMORY_ARRAY     0x0000000020002000 0x0000000000000000 xrw
*default*        0x0000000000000000 0xffffffffffffffff

Linker script and memory map

LOAD ./system/src/stm32f3-stdperiph/stm32f30x_adc.o
LOAD ./system/src/stm32f3-stdperiph/stm32f30x_can.o
LOAD ./system/src/stm32f3-stdperiph/stm32f30x_dac.o
LOAD ./system/src/stm32f3-stdperiph/stm32f30x_dbgmcu.o
LOAD ./system/src/stm32f3-stdperiph/stm32f30x_exti.o
LOAD ./system/src/stm32f3-stdperiph/stm32f30x_gpio.o
LOAD ./system/src/stm32f3-stdperiph/stm32f30x_rcc.o
LOAD ./system/src/stm32f3-stdperiph/stm32f30x_tim.o
LOAD ./system/src/newlib/_cxx.o
LOAD ./system/src/newlib/_exit.o
LOAD ./system/src/newlib/_sbrk.o
LOAD ./system/src/newlib/_startup.o
LOAD ./system/src/newlib/_syscalls.o
LOAD ./system/src/newlib/assert.o
LOAD ./system/src/diag/Trace.o
LOAD ./system/src/diag/trace_impl.o
LOAD ./system/src/cortexm/_initialize_hardware.o
LOAD ./system/src/cortexm/_reset_hardware.o
LOAD ./system/src/cortexm/exception_handlers.o
LOAD ./system/src/cmsis/system_stm32f30x.o
LOAD ./system/src/cmsis/vectors_stm32f30x.o
LOAD ./src/BlinkLed.o
LOAD ./src/Timer.o
LOAD ./src/_write.o
LOAD ./src/main.o
LOAD /Users/adamhjermstad/gcc-arm-none-eabi-5_3-2016q1/bin/../lib/gcc/arm-none-eabi/5.3.1/../../../../arm-none-eabi/lib/armv7e-m/libstdc++_nano.a
LOAD /Users/adamhjermstad/gcc-arm-none-eabi-5_3-2016q1/bin/../lib/gcc/arm-none-eabi/5.3.1/../../../../arm-none-eabi/lib/armv7e-m/libm.a
START GROUP
LOAD /Users/adamhjermstad/gcc-arm-none-eabi-5_3-2016q1/bin/../lib/gcc/arm-none-eabi/5.3.1/armv7e-m/libgcc.a
LOAD /Users/adamhjermstad/gcc-arm-none-eabi-5_3-2016q1/bin/../lib/gcc/arm-none-eabi/5.3.1/../../../../arm-none-eabi/lib/armv7e-m/libg_nano.a
LOAD /Users/adamhjermstad/gcc-arm-none-eabi-5_3-2016q1/bin/../lib/gcc/arm-none-eabi/5.3.1/../../../../arm-none-eabi/lib/armv7e-m/libc_nano.a
END GROUP
START GROUP
LOAD /Users/adamhjermstad/gcc-arm-none-eabi-5_3-2016q1/bin/../lib/gcc/arm-none-eabi/5.3.1/armv7e-m/libgcc.a
LOAD /Users/adamhjermstad/gcc-arm-none-eabi-5_3-2016q1/bin/../lib/gcc/arm-none-eabi/5.3.1/../../../../arm-none-eabi/lib/armv7e-m/libc_nano.a
END GROUP
                0x000000002000a000                __stack = (ORIGIN (RAM) + LENGTH (RAM))
                0x000000002000a000                _estack = __stack
                0x0000000000000400                __Main_Stack_Size = 0x400
                [!provide]                        PROVIDE (_Main_Stack_Size, __Main_Stack_Size)
                0x0000000020009c00                __Main_Stack_Limit = (__stack - __Main_Stack_Size)
                [!provide]                        PROVIDE (_Main_Stack_Limit, __Main_Stack_Limit)
                0x0000000000000100                _Minimum_Stack_Size = 0x100
                0x0000000020000160                PROVIDE (_Heap_Begin, _end_noinit)
                0x0000000020009c00                PROVIDE (_Heap_Limit, (__stack - __Main_Stack_Size))

.isr_vector     0x0000000008000000      0x3ec
 FILL mask 0xff
                0x0000000008000000                __vectors_start = ABSOLUTE (.)
                0x0000000008000000                __vectors_start__ = ABSOLUTE (.)
 *(.isr_vector)
 .isr_vector    0x0000000008000000      0x188 ./system/src/cmsis/vectors_stm32f30x.o
                0x0000000008000000                __isr_vectors
 *(.cfmconfig)
 *(.after_vectors .after_vectors.*)
 .after_vectors
                0x0000000008000188      0x130 ./system/src/newlib/_startup.o
                0x0000000008000188                _start
 .after_vectors
                0x00000000080002b8      0x130 ./system/src/cortexm/exception_handlers.o
                0x00000000080002b8                Reset_Handler
                0x00000000080002c0                NMI_Handler
                0x00000000080002c4                HardFault_Handler
                0x00000000080002d8                HardFault_Handler_C
                0x0000000008000338                MemManage_Handler
                0x000000000800033c                BusFault_Handler
                0x0000000008000350                BusFault_Handler_C
                0x0000000008000384                UsageFault_Handler
                0x0000000008000398                UsageFault_Handler_C
                0x00000000080003cc                SVC_Handler
                0x00000000080003d0                DebugMon_Handler
                0x00000000080003d4                PendSV_Handler
 .after_vectors
                0x00000000080003e8        0x4 ./system/src/cmsis/vectors_stm32f30x.o
                0x00000000080003e8                TIM1_BRK_TIM15_IRQHandler
                0x00000000080003e8                TIM8_TRG_COM_IRQHandler
                0x00000000080003e8                TIM8_CC_IRQHandler
                0x00000000080003e8                TIM1_CC_IRQHandler
                0x00000000080003e8                USB_HP_IRQHandler
                0x00000000080003e8                PVD_IRQHandler
                0x00000000080003e8                EXTI3_IRQHandler
                0x00000000080003e8                EXTI0_IRQHandler
                0x00000000080003e8                I2C2_EV_IRQHandler
                0x00000000080003e8                FPU_IRQHandler
                0x00000000080003e8                EXTI2_TS_IRQHandler
                0x00000000080003e8                TIM1_UP_TIM16_IRQHandler
                0x00000000080003e8                ADC1_2_IRQHandler
                0x00000000080003e8                SPI1_IRQHandler
                0x00000000080003e8                TIM6_DAC_IRQHandler
                0x00000000080003e8                TIM8_UP_IRQHandler
                0x00000000080003e8                DMA2_Channel2_IRQHandler
                0x00000000080003e8                DMA1_Channel4_IRQHandler
                0x00000000080003e8                USART3_IRQHandler
                0x00000000080003e8                DMA1_Channel7_IRQHandler
                0x00000000080003e8                CAN1_RX1_IRQHandler
                0x00000000080003e8                UART5_IRQHandler
                0x00000000080003e8                ADC3_IRQHandler
                0x00000000080003e8                TIM4_IRQHandler
                0x00000000080003e8                DMA2_Channel1_IRQHandler
                0x00000000080003e8                I2C1_EV_IRQHandler
                0x00000000080003e8                DMA1_Channel6_IRQHandler
                0x00000000080003e8                UART4_IRQHandler
                0x00000000080003e8                DMA2_Channel4_IRQHandler
                0x00000000080003e8                TIM3_IRQHandler
                0x00000000080003e8                RCC_IRQHandler
                0x00000000080003e8                DMA1_Channel1_IRQHandler
                0x00000000080003e8                Default_Handler
                0x00000000080003e8                USBWakeUp_RMP_IRQHandler
                0x00000000080003e8                EXTI15_10_IRQHandler
                0x00000000080003e8                TIM7_IRQHandler
                0x00000000080003e8                EXTI9_5_IRQHandler
                0x00000000080003e8                TAMPER_STAMP_IRQHandler
                0x00000000080003e8                RTC_WKUP_IRQHandler
                0x00000000080003e8                SPI2_IRQHandler
                0x00000000080003e8                DMA2_Channel5_IRQHandler
                0x00000000080003e8                DMA1_Channel5_IRQHandler
                0x00000000080003e8                USB_LP_IRQHandler
                0x00000000080003e8                EXTI4_IRQHandler
                0x00000000080003e8                USB_LP_CAN1_RX0_IRQHandler
                0x00000000080003e8                TIM1_TRG_COM_TIM17_IRQHandler
                0x00000000080003e8                USB_HP_CAN1_TX_IRQHandler
                0x00000000080003e8                DMA1_Channel3_IRQHandler
                0x00000000080003e8                ADC4_IRQHandler
                0x00000000080003e8                WWDG_IRQHandler
                0x00000000080003e8                TIM2_IRQHandler
                0x00000000080003e8                COMP7_IRQHandler
                0x00000000080003e8                COMP1_2_3_IRQHandler
                0x00000000080003e8                EXTI1_IRQHandler
                0x00000000080003e8                USART2_IRQHandler
                0x00000000080003e8                COMP4_5_6_IRQHandler
                0x00000000080003e8                I2C2_ER_IRQHandler
                0x00000000080003e8                DMA1_Channel2_IRQHandler
                0x00000000080003e8                TIM8_BRK_IRQHandler
                0x00000000080003e8                CAN1_SCE_IRQHandler
                0x00000000080003e8                FLASH_IRQHandler
                0x00000000080003e8                USART1_IRQHandler
                0x00000000080003e8                SPI3_IRQHandler
                0x00000000080003e8                I2C1_ER_IRQHandler
                0x00000000080003e8                USBWakeUp_IRQHandler
                0x00000000080003e8                DMA2_Channel3_IRQHandler
                0x00000000080003e8                RTC_Alarm_IRQHandler

.inits          0x00000000080003ec       0x28
                0x00000000080003ec                __data_regions_array_start = .
                0x00000000080003ec        0x4 LONG 0x8005010 LOADADDR (.data)
                0x00000000080003f0        0x4 LONG 0x20000000 ADDR (.data)
                0x00000000080003f4        0x4 LONG 0x200000c0 (ADDR (.data) + SIZEOF (.data))
                0x00000000080003f8        0x4 LONG 0x8005010 LOADADDR (.data_CCMRAM)
                0x00000000080003fc        0x4 LONG 0x10000000 ADDR (.data_CCMRAM)
                0x0000000008000400        0x4 LONG 0x10000000 (ADDR (.data_CCMRAM) + SIZEOF (.data_CCMRAM))
                0x0000000008000404                __data_regions_array_end = .
                0x0000000008000404                __bss_regions_array_start = .
                0x0000000008000404        0x4 LONG 0x200000c0 ADDR (.bss)
                0x0000000008000408        0x4 LONG 0x20000160 (ADDR (.bss) + SIZEOF (.bss))
                0x000000000800040c        0x4 LONG 0x10000000 ADDR (.bss_CCMRAM)
                0x0000000008000410        0x4 LONG 0x10000000 (ADDR (.bss_CCMRAM) + SIZEOF (.bss_CCMRAM))
                0x0000000008000414                __bss_regions_array_end = .
 *(.init)
 *(.fini)
                0x0000000008000414                . = ALIGN (0x4)
                0x0000000008000414                PROVIDE (__preinit_array_start, .)
 *(.preinit_array_sysinit .preinit_array_sysinit.*)
 *(.preinit_array_platform .preinit_array_platform.*)
 *(.preinit_array .preinit_array.*)
                0x0000000008000414                PROVIDE (__preinit_array_end, .)
                0x0000000008000414                . = ALIGN (0x4)
                0x0000000008000414                PROVIDE (__init_array_start, .)
 *(SORT(.init_array.*))
 *(.init_array)
                0x0000000008000414                PROVIDE (__init_array_end, .)
                0x0000000008000414                . = ALIGN (0x4)
                0x0000000008000414                PROVIDE (__fini_array_start, .)
 *(SORT(.fini_array.*))
 *(.fini_array)
                0x0000000008000414                PROVIDE (__fini_array_end, .)

.flashtext
 *(.flashtext .flashtext.*)

.text           0x0000000008000420     0x4bed
 *(.text .text.*)
 .text.ADC_Init
                0x0000000008000420      0x158 ./system/src/stm32f3-stdperiph/stm32f30x_adc.o
                0x0000000008000420                ADC_Init
 .text.ADC_CommonInit
                0x0000000008000578       0xe4 ./system/src/stm32f3-stdperiph/stm32f30x_adc.o
                0x0000000008000578                ADC_CommonInit
 .text.ADC_Cmd  0x000000000800065c       0x58 ./system/src/stm32f3-stdperiph/stm32f30x_adc.o
                0x000000000800065c                ADC_Cmd
 .text.ADC_StartCalibration
                0x00000000080006b4       0x3c ./system/src/stm32f3-stdperiph/stm32f30x_adc.o
                0x00000000080006b4                ADC_StartCalibration
 .text.ADC_SelectCalibrationMode
                0x00000000080006f0       0x58 ./system/src/stm32f3-stdperiph/stm32f30x_adc.o
                0x00000000080006f0                ADC_SelectCalibrationMode
 .text.ADC_GetCalibrationStatus
                0x0000000008000748       0x40 ./system/src/stm32f3-stdperiph/stm32f30x_adc.o
                0x0000000008000748                ADC_GetCalibrationStatus
 .text.ADC_VoltageRegulatorCmd
                0x0000000008000788       0x60 ./system/src/stm32f3-stdperiph/stm32f30x_adc.o
                0x0000000008000788                ADC_VoltageRegulatorCmd
 .text.ADC_RegularChannelConfig
                0x00000000080007e8      0x11c ./system/src/stm32f3-stdperiph/stm32f30x_adc.o
                0x00000000080007e8                ADC_RegularChannelConfig
 .text.ADC_StartConversion
                0x0000000008000904       0x3c ./system/src/stm32f3-stdperiph/stm32f30x_adc.o
                0x0000000008000904                ADC_StartConversion
 .text.ADC_GetConversionValue
                0x0000000008000940       0x38 ./system/src/stm32f3-stdperiph/stm32f30x_adc.o
                0x0000000008000940                ADC_GetConversionValue
 .text.ADC_GetFlagStatus
                0x0000000008000978       0x7c ./system/src/stm32f3-stdperiph/stm32f30x_adc.o
                0x0000000008000978                ADC_GetFlagStatus
 .text.DAC_Init
                0x00000000080009f4      0x11c ./system/src/stm32f3-stdperiph/stm32f30x_dac.o
                0x00000000080009f4                DAC_Init
 .text.DAC_Cmd  0x0000000008000b10       0x4c ./system/src/stm32f3-stdperiph/stm32f30x_dac.o
                0x0000000008000b10                DAC_Cmd
 .text.GPIO_Init
                0x0000000008000b5c      0x118 ./system/src/stm32f3-stdperiph/stm32f30x_gpio.o
                0x0000000008000b5c                GPIO_Init
 .text.GPIO_PinAFConfig
                0x0000000008000c74       0x94 ./system/src/stm32f3-stdperiph/stm32f30x_gpio.o
                0x0000000008000c74                GPIO_PinAFConfig
 .text.RCC_ADCCLKConfig
                0x0000000008000d08       0xf0 ./system/src/stm32f3-stdperiph/stm32f30x_rcc.o
                0x0000000008000d08                RCC_ADCCLKConfig
 .text.RCC_AHBPeriphClockCmd
                0x0000000008000df8       0x4c ./system/src/stm32f3-stdperiph/stm32f30x_rcc.o
                0x0000000008000df8                RCC_AHBPeriphClockCmd
 .text.RCC_APB2PeriphClockCmd
                0x0000000008000e44       0x4c ./system/src/stm32f3-stdperiph/stm32f30x_rcc.o
                0x0000000008000e44                RCC_APB2PeriphClockCmd
 .text.RCC_APB1PeriphClockCmd
                0x0000000008000e90       0x4c ./system/src/stm32f3-stdperiph/stm32f30x_rcc.o
                0x0000000008000e90                RCC_APB1PeriphClockCmd
 .text.TIM_TimeBaseInit
                0x0000000008000edc      0x124 ./system/src/stm32f3-stdperiph/stm32f30x_tim.o
                0x0000000008000edc                TIM_TimeBaseInit
 .text.TIM_SetCounter
                0x0000000008001000       0x68 ./system/src/stm32f3-stdperiph/stm32f30x_tim.o
                0x0000000008001000                TIM_SetCounter
 .text.TIM_Cmd  0x0000000008001068       0x90 ./system/src/stm32f3-stdperiph/stm32f30x_tim.o
                0x0000000008001068                TIM_Cmd
 .text.TIM_OC1Init
                0x00000000080010f8      0x188 ./system/src/stm32f3-stdperiph/stm32f30x_tim.o
                0x00000000080010f8                TIM_OC1Init
 .text.TIM_OC1PreloadConfig
                0x0000000008001280       0x70 ./system/src/stm32f3-stdperiph/stm32f30x_tim.o
                0x0000000008001280                TIM_OC1PreloadConfig
 .text.TIM_CtrlPWMOutputs
                0x00000000080012f0       0x64 ./system/src/stm32f3-stdperiph/stm32f30x_tim.o
                0x00000000080012f0                TIM_CtrlPWMOutputs
 .text._exit    0x0000000008001354        0x4 ./system/src/newlib/_exit.o
                0x0000000008001354                _exit
 .text.abort    0x0000000008001358       0x14 ./system/src/newlib/_exit.o
                0x0000000008001358                abort
 .text._sbrk    0x000000000800136c       0x44 ./system/src/newlib/_sbrk.o
                0x000000000800136c                _sbrk
 .text.__initialize_args
                0x00000000080013b0       0x10 ./system/src/newlib/_syscalls.o
                0x00000000080013b0                __initialize_args
 .text.assert_failed
                0x00000000080013c0       0x14 ./system/src/newlib/assert.o
                0x00000000080013c0                assert_failed
 .text.trace_printf
                0x00000000080013d4       0x30 ./system/src/diag/Trace.o
                0x00000000080013d4                trace_printf
 .text.trace_puts
                0x0000000008001404       0x20 ./system/src/diag/Trace.o
                0x0000000008001404                trace_puts
 .text._trace_write_semihosting_debug
                0x0000000008001424       0x64 ./system/src/diag/trace_impl.o
 .text.trace_write
                0x0000000008001488        0x8 ./system/src/diag/trace_impl.o
                0x0000000008001488                trace_write
 .text.__initialize_hardware_early
                0x0000000008001490       0x18 ./system/src/cortexm/_initialize_hardware.o
                0x0000000008001490                __initialize_hardware_early
 .text.__initialize_hardware
                0x00000000080014a8        0x8 ./system/src/cortexm/_initialize_hardware.o
                0x00000000080014a8                __initialize_hardware
 .text.dumpExceptionStack
                0x00000000080014b0       0xf0 ./system/src/cortexm/exception_handlers.o
                0x00000000080014b0                dumpExceptionStack
 .text.isSemihosting
                0x00000000080015a0       0x20 ./system/src/cortexm/exception_handlers.o
                0x00000000080015a0                isSemihosting
 .text.SetSysClock
                0x00000000080015c0       0xb0 ./system/src/cmsis/system_stm32f30x.o
 .text.SystemInit
                0x0000000008001670       0x64 ./system/src/cmsis/system_stm32f30x.o
                0x0000000008001670                SystemInit
 .text.SystemCoreClockUpdate
                0x00000000080016d4       0x8c ./system/src/cmsis/system_stm32f30x.o
                0x00000000080016d4                SystemCoreClockUpdate
 .text.timer_tick
                0x0000000008001760       0x14 ./src/Timer.o
                0x0000000008001760                timer_tick
 .text.SysTick_Handler
                0x0000000008001774        0x8 ./src/Timer.o
                0x0000000008001774                SysTick_Handler
 .text.my_delay
                0x000000000800177c        0xc ./src/main.o
                0x000000000800177c                my_delay
 .text.TM_TIMER_Init
                0x0000000008001788       0x7c ./src/main.o
                0x0000000008001788                TM_TIMER_Init
 .text.TM_PWM_Init
                0x0000000008001804       0x34 ./src/main.o
                0x0000000008001804                TM_PWM_Init
 .text.TM_GPIO_Init
                0x0000000008001838       0xc0 ./src/main.o
                0x0000000008001838                TM_GPIO_Init
 .text.ADC_Activate
                0x00000000080018f8      0x150 ./src/main.o
                0x00000000080018f8                ADC_Activate
 .text.DACtivate
                0x0000000008001a48       0x28 ./src/main.o
                0x0000000008001a48                DACtivate
 .text.main     0x0000000008001a70      0x18c ./src/main.o
                0x0000000008001a70                main
 .text          0x0000000008001bfc      0x370 /Users/adamhjermstad/gcc-arm-none-eabi-5_3-2016q1/bin/../lib/gcc/arm-none-eabi/5.3.1/armv7e-m/libgcc.a(_arm_addsubdf3.o)
                0x0000000008001bfc                __aeabi_drsub
                0x0000000008001c04                __subdf3
                0x0000000008001c04                __aeabi_dsub
                0x0000000008001c08                __aeabi_dadd
                0x0000000008001c08                __adddf3
                0x0000000008001e80                __aeabi_ui2d
                0x0000000008001e80                __floatunsidf
                0x0000000008001ea0                __floatsidf
                0x0000000008001ea0                __aeabi_i2d
                0x0000000008001ec4                __extendsfdf2
                0x0000000008001ec4                __aeabi_f2d
                0x0000000008001f00                __aeabi_ul2d
                0x0000000008001f00                __floatundidf
                0x0000000008001f10                __aeabi_l2d
                0x0000000008001f10                __floatdidf
 .text          0x0000000008001f6c      0x424 /Users/adamhjermstad/gcc-arm-none-eabi-5_3-2016q1/bin/../lib/gcc/arm-none-eabi/5.3.1/armv7e-m/libgcc.a(_arm_muldivdf3.o)
                0x0000000008001f6c                __aeabi_dmul
                0x0000000008001f6c                __muldf3
                0x00000000080021c0                __aeabi_ddiv
                0x00000000080021c0                __divdf3
 .text          0x0000000008002390       0xa0 /Users/adamhjermstad/gcc-arm-none-eabi-5_3-2016q1/bin/../lib/gcc/arm-none-eabi/5.3.1/armv7e-m/libgcc.a(_arm_truncdfsf2.o)
                0x0000000008002390                __aeabi_d2f
                0x0000000008002390                __truncdfsf2
 .text          0x0000000008002430      0x21c /Users/adamhjermstad/gcc-arm-none-eabi-5_3-2016q1/bin/../lib/gcc/arm-none-eabi/5.3.1/armv7e-m/libgcc.a(_arm_addsubsf3.o)
                0x0000000008002430                __aeabi_frsub
                0x0000000008002438                __aeabi_fsub
                0x0000000008002438                __subsf3
                0x000000000800243c                __aeabi_fadd
                0x000000000800243c                __addsf3
                0x000000000800259c                __aeabi_ui2f
                0x000000000800259c                __floatunsisf
                0x00000000080025a4                __floatsisf
                0x00000000080025a4                __aeabi_i2f
                0x00000000080025c0                __aeabi_ul2f
                0x00000000080025c0                __floatundisf
                0x00000000080025d0                __aeabi_l2f
                0x00000000080025d0                __floatdisf
 .text          0x000000000800264c      0x2a0 /Users/adamhjermstad/gcc-arm-none-eabi-5_3-2016q1/bin/../lib/gcc/arm-none-eabi/5.3.1/armv7e-m/libgcc.a(_arm_muldivsf3.o)
                0x000000000800264c                __mulsf3
                0x000000000800264c                __aeabi_fmul
                0x00000000080027b4                __divsf3
                0x00000000080027b4                __aeabi_fdiv
 .text          0x00000000080028ec       0x4c /Users/adamhjermstad/gcc-arm-none-eabi-5_3-2016q1/bin/../lib/gcc/arm-none-eabi/5.3.1/armv7e-m/libgcc.a(_arm_fixsfsi.o)
                0x00000000080028ec                __fixsfsi
                0x00000000080028ec                __aeabi_f2iz
 .text.__errno  0x0000000008002938        0xc /Users/adamhjermstad/gcc-arm-none-eabi-5_3-2016q1/bin/../lib/gcc/arm-none-eabi/5.3.1/../../../../arm-none-eabi/lib/armv7e-m/libg_nano.a(lib_a-errno.o)
                0x0000000008002938                __errno
 .text.__cvt    0x0000000008002944       0xbe /Users/adamhjermstad/gcc-arm-none-eabi-5_3-2016q1/bin/../lib/gcc/arm-none-eabi/5.3.1/../../../../arm-none-eabi/lib/armv7e-m/libg_nano.a(lib_a-nano-vfprintf_float.o)
                0x0000000008002944                __cvt
 .text.__exponent
                0x0000000008002a02       0x60 /Users/adamhjermstad/gcc-arm-none-eabi-5_3-2016q1/bin/../lib/gcc/arm-none-eabi/5.3.1/../../../../arm-none-eabi/lib/armv7e-m/libg_nano.a(lib_a-nano-vfprintf_float.o)
                0x0000000008002a02                __exponent
 *fill*         0x0000000008002a62        0x2 
 .text._printf_float
                0x0000000008002a64      0x488 /Users/adamhjermstad/gcc-arm-none-eabi-5_3-2016q1/bin/../lib/gcc/arm-none-eabi/5.3.1/../../../../arm-none-eabi/lib/armv7e-m/libg_nano.a(lib_a-nano-vfprintf_float.o)
                0x0000000008002a64                _printf_float
 .text._printf_common
                0x0000000008002eec       0xec /Users/adamhjermstad/gcc-arm-none-eabi-5_3-2016q1/bin/../lib/gcc/arm-none-eabi/5.3.1/../../../../arm-none-eabi/lib/armv7e-m/libg_nano.a(lib_a-nano-vfprintf_i.o)
                0x0000000008002eec                _printf_common
 .text._printf_i
                0x0000000008002fd8      0x24c /Users/adamhjermstad/gcc-arm-none-eabi-5_3-2016q1/bin/../lib/gcc/arm-none-eabi/5.3.1/../../../../arm-none-eabi/lib/armv7e-m/libg_nano.a(lib_a-nano-vfprintf_i.o)
                0x0000000008002fd8                _printf_i
 .text          0x0000000008003224       0x10 /Users/adamhjermstad/gcc-arm-none-eabi-5_3-2016q1/bin/../lib/gcc/arm-none-eabi/5.3.1/../../../../arm-none-eabi/lib/armv7e-m/libg_nano.a(lib_a-strlen.o)
                0x0000000008003224                strlen
 .text._vsnprintf_r
                0x0000000008003234       0x56 /Users/adamhjermstad/gcc-arm-none-eabi-5_3-2016q1/bin/../lib/gcc/arm-none-eabi/5.3.1/../../../../arm-none-eabi/lib/armv7e-m/libg_nano.a(lib_a-vsnprintf.o)
                0x0000000008003234                _vsnprintf_r
                0x0000000008003234                _vsniprintf_r
 *fill*         0x000000000800328a        0x2 
 .text.vsnprintf
                0x000000000800328c       0x1c /Users/adamhjermstad/gcc-arm-none-eabi-5_3-2016q1/bin/../lib/gcc/arm-none-eabi/5.3.1/../../../../arm-none-eabi/lib/armv7e-m/libg_nano.a(lib_a-vsnprintf.o)
                0x000000000800328c                vsnprintf
                0x000000000800328c                vsniprintf
 .text.quorem   0x00000000080032a8      0x11e /Users/adamhjermstad/gcc-arm-none-eabi-5_3-2016q1/bin/../lib/gcc/arm-none-eabi/5.3.1/../../../../arm-none-eabi/lib/armv7e-m/libg_nano.a(lib_a-dtoa.o)
 *fill*         0x00000000080033c6        0x2 
 .text._dtoa_r  0x00000000080033c8      0xb38 /Users/adamhjermstad/gcc-arm-none-eabi-5_3-2016q1/bin/../lib/gcc/arm-none-eabi/5.3.1/../../../../arm-none-eabi/lib/armv7e-m/libg_nano.a(lib_a-dtoa.o)
                0x00000000080033c8                _dtoa_r
 .text._localeconv_r
                0x0000000008003f00        0x8 /Users/adamhjermstad/gcc-arm-none-eabi-5_3-2016q1/bin/../lib/gcc/arm-none-eabi/5.3.1/../../../../arm-none-eabi/lib/armv7e-m/libg_nano.a(lib_a-locale.o)
                0x0000000008003f00                _localeconv_r
 .text.malloc   0x0000000008003f08       0x10 /Users/adamhjermstad/gcc-arm-none-eabi-5_3-2016q1/bin/../lib/gcc/arm-none-eabi/5.3.1/../../../../arm-none-eabi/lib/armv7e-m/libg_nano.a(lib_a-malloc.o)
                0x0000000008003f08                malloc
 *fill*         0x0000000008003f18        0x8 
 .text          0x0000000008003f20       0xa0 /Users/adamhjermstad/gcc-arm-none-eabi-5_3-2016q1/bin/../lib/gcc/arm-none-eabi/5.3.1/../../../../arm-none-eabi/lib/armv7e-m/libg_nano.a(lib_a-memchr.o)
                0x0000000008003f20                memchr
 .text.memcpy   0x0000000008003fc0       0x16 /Users/adamhjermstad/gcc-arm-none-eabi-5_3-2016q1/bin/../lib/gcc/arm-none-eabi/5.3.1/../../../../arm-none-eabi/lib/armv7e-m/libg_nano.a(lib_a-memcpy-stub.o)
                0x0000000008003fc0                memcpy
 .text._Balloc  0x0000000008003fd6       0x6a /Users/adamhjermstad/gcc-arm-none-eabi-5_3-2016q1/bin/../lib/gcc/arm-none-eabi/5.3.1/../../../../arm-none-eabi/lib/armv7e-m/libg_nano.a(lib_a-mprec.o)
                0x0000000008003fd6                _Balloc
 .text._Bfree   0x0000000008004040       0x2e /Users/adamhjermstad/gcc-arm-none-eabi-5_3-2016q1/bin/../lib/gcc/arm-none-eabi/5.3.1/../../../../arm-none-eabi/lib/armv7e-m/libg_nano.a(lib_a-mprec.o)
                0x0000000008004040                _Bfree
 .text.__multadd
                0x000000000800406e       0x76 /Users/adamhjermstad/gcc-arm-none-eabi-5_3-2016q1/bin/../lib/gcc/arm-none-eabi/5.3.1/../../../../arm-none-eabi/lib/armv7e-m/libg_nano.a(lib_a-mprec.o)
                0x000000000800406e                __multadd
 .text.__hi0bits
                0x00000000080040e4       0x40 /Users/adamhjermstad/gcc-arm-none-eabi-5_3-2016q1/bin/../lib/gcc/arm-none-eabi/5.3.1/../../../../arm-none-eabi/lib/armv7e-m/libg_nano.a(lib_a-mprec.o)
                0x00000000080040e4                __hi0bits
 .text.__lo0bits
                0x0000000008004124       0x5a /Users/adamhjermstad/gcc-arm-none-eabi-5_3-2016q1/bin/../lib/gcc/arm-none-eabi/5.3.1/../../../../arm-none-eabi/lib/armv7e-m/libg_nano.a(lib_a-mprec.o)
                0x0000000008004124                __lo0bits
 .text.__i2b    0x000000000800417e       0x12 /Users/adamhjermstad/gcc-arm-none-eabi-5_3-2016q1/bin/../lib/gcc/arm-none-eabi/5.3.1/../../../../arm-none-eabi/lib/armv7e-m/libg_nano.a(lib_a-mprec.o)
                0x000000000800417e                __i2b
 .text.__multiply
                0x0000000008004190      0x122 /Users/adamhjermstad/gcc-arm-none-eabi-5_3-2016q1/bin/../lib/gcc/arm-none-eabi/5.3.1/../../../../arm-none-eabi/lib/armv7e-m/libg_nano.a(lib_a-mprec.o)
                0x0000000008004190                __multiply
 *fill*         0x00000000080042b2        0x2 
 .text.__pow5mult
                0x00000000080042b4       0x9c /Users/adamhjermstad/gcc-arm-none-eabi-5_3-2016q1/bin/../lib/gcc/arm-none-eabi/5.3.1/../../../../arm-none-eabi/lib/armv7e-m/libg_nano.a(lib_a-mprec.o)
                0x00000000080042b4                __pow5mult
 .text.__lshift
                0x0000000008004350       0xa2 /Users/adamhjermstad/gcc-arm-none-eabi-5_3-2016q1/bin/../lib/gcc/arm-none-eabi/5.3.1/../../../../arm-none-eabi/lib/armv7e-m/libg_nano.a(lib_a-mprec.o)
                0x0000000008004350                __lshift
 .text.__mcmp   0x00000000080043f2       0x38 /Users/adamhjermstad/gcc-arm-none-eabi-5_3-2016q1/bin/../lib/gcc/arm-none-eabi/5.3.1/../../../../arm-none-eabi/lib/armv7e-m/libg_nano.a(lib_a-mprec.o)
                0x00000000080043f2                __mcmp
 .text.__mdiff  0x000000000800442a       0xbe /Users/adamhjermstad/gcc-arm-none-eabi-5_3-2016q1/bin/../lib/gcc/arm-none-eabi/5.3.1/../../../../arm-none-eabi/lib/armv7e-m/libg_nano.a(lib_a-mprec.o)
                0x000000000800442a                __mdiff
 .text.__d2b    0x00000000080044e8       0x9c /Users/adamhjermstad/gcc-arm-none-eabi-5_3-2016q1/bin/../lib/gcc/arm-none-eabi/5.3.1/../../../../arm-none-eabi/lib/armv7e-m/libg_nano.a(lib_a-mprec.o)
                0x00000000080044e8                __d2b
 .text._calloc_r
                0x0000000008004584       0x1c /Users/adamhjermstad/gcc-arm-none-eabi-5_3-2016q1/bin/../lib/gcc/arm-none-eabi/5.3.1/../../../../arm-none-eabi/lib/armv7e-m/libg_nano.a(lib_a-nano-callocr.o)
                0x0000000008004584                _calloc_r
 .text._free_r  0x00000000080045a0       0x8c /Users/adamhjermstad/gcc-arm-none-eabi-5_3-2016q1/bin/../lib/gcc/arm-none-eabi/5.3.1/../../../../arm-none-eabi/lib/armv7e-m/libg_nano.a(lib_a-nano-freer.o)
                0x00000000080045a0                _free_r
 .text._malloc_r
                0x000000000800462c       0xa8 /Users/adamhjermstad/gcc-arm-none-eabi-5_3-2016q1/bin/../lib/gcc/arm-none-eabi/5.3.1/../../../../arm-none-eabi/lib/armv7e-m/libg_nano.a(lib_a-nano-mallocr.o)
                0x000000000800462c                _malloc_r
 .text.__ssputs_r
                0x00000000080046d4       0xb2 /Users/adamhjermstad/gcc-arm-none-eabi-5_3-2016q1/bin/../lib/gcc/arm-none-eabi/5.3.1/../../../../arm-none-eabi/lib/armv7e-m/libg_nano.a(lib_a-nano-svfprintf.o)
                0x00000000080046d4                __ssputs_r
 *fill*         0x0000000008004786        0x2 
 .text._svfprintf_r
                0x0000000008004788      0x1e8 /Users/adamhjermstad/gcc-arm-none-eabi-5_3-2016q1/bin/../lib/gcc/arm-none-eabi/5.3.1/../../../../arm-none-eabi/lib/armv7e-m/libg_nano.a(lib_a-nano-svfprintf.o)
                0x0000000008004788                _svfprintf_r
                0x0000000008004788                _svfiprintf_r
 .text._sbrk_r  0x0000000008004970       0x20 /Users/adamhjermstad/gcc-arm-none-eabi-5_3-2016q1/bin/../lib/gcc/arm-none-eabi/5.3.1/../../../../arm-none-eabi/lib/armv7e-m/libg_nano.a(lib_a-sbrkr.o)
                0x0000000008004970                _sbrk_r
 .text.memmove  0x0000000008004990       0x36 /Users/adamhjermstad/gcc-arm-none-eabi-5_3-2016q1/bin/../lib/gcc/arm-none-eabi/5.3.1/../../../../arm-none-eabi/lib/armv7e-m/libg_nano.a(lib_a-memmove.o)
                0x0000000008004990                memmove
 .text.memset   0x00000000080049c6       0x10 /Users/adamhjermstad/gcc-arm-none-eabi-5_3-2016q1/bin/../lib/gcc/arm-none-eabi/5.3.1/../../../../arm-none-eabi/lib/armv7e-m/libg_nano.a(lib_a-memset.o)
                0x00000000080049c6                memset
 .text._realloc_r
                0x00000000080049d6       0x4c /Users/adamhjermstad/gcc-arm-none-eabi-5_3-2016q1/bin/../lib/gcc/arm-none-eabi/5.3.1/../../../../arm-none-eabi/lib/armv7e-m/libg_nano.a(lib_a-nano-reallocr.o)
                0x00000000080049d6                _realloc_r
 .text._malloc_usable_size_r
                0x0000000008004a22       0x14 /Users/adamhjermstad/gcc-arm-none-eabi-5_3-2016q1/bin/../lib/gcc/arm-none-eabi/5.3.1/../../../../arm-none-eabi/lib/armv7e-m/libg_nano.a(lib_a-nano-msizer.o)
                0x0000000008004a22                _malloc_usable_size_r
 *fill*         0x0000000008004a36        0x2 
 .text          0x0000000008004a38      0x110 /Users/adamhjermstad/gcc-arm-none-eabi-5_3-2016q1/bin/../lib/gcc/arm-none-eabi/5.3.1/armv7e-m/libgcc.a(_arm_cmpdf2.o)
                0x0000000008004a38                __gtdf2
                0x0000000008004a38                __gedf2
                0x0000000008004a40                __ltdf2
                0x0000000008004a40                __ledf2
                0x0000000008004a48                __eqdf2
                0x0000000008004a48                __nedf2
                0x0000000008004a48                __cmpdf2
                0x0000000008004ac4                __aeabi_cdrcmple
                0x0000000008004ad4                __aeabi_cdcmple
                0x0000000008004ad4                __aeabi_cdcmpeq
                0x0000000008004ae4                __aeabi_dcmpeq
                0x0000000008004af8                __aeabi_dcmplt
                0x0000000008004b0c                __aeabi_dcmple
                0x0000000008004b20                __aeabi_dcmpge
                0x0000000008004b34                __aeabi_dcmpgt
 .text          0x0000000008004b48       0x2c /Users/adamhjermstad/gcc-arm-none-eabi-5_3-2016q1/bin/../lib/gcc/arm-none-eabi/5.3.1/armv7e-m/libgcc.a(_arm_unorddf2.o)
                0x0000000008004b48                __aeabi_dcmpun
                0x0000000008004b48                __unorddf2
 .text          0x0000000008004b74       0x50 /Users/adamhjermstad/gcc-arm-none-eabi-5_3-2016q1/bin/../lib/gcc/arm-none-eabi/5.3.1/armv7e-m/libgcc.a(_arm_fixdfsi.o)
                0x0000000008004b74                __fixdfsi
                0x0000000008004b74                __aeabi_d2iz
 *(.rodata .rodata.* .constdata .constdata.*)
 .rodata.str1.4
                0x0000000008004bc4       0x30 ./system/src/stm32f3-stdperiph/stm32f30x_adc.o
 .rodata.str1.4
                0x0000000008004bf4       0x30 ./system/src/stm32f3-stdperiph/stm32f30x_dac.o
 .rodata.str1.4
                0x0000000008004c24       0x31 ./system/src/stm32f3-stdperiph/stm32f30x_gpio.o
 *fill*         0x0000000008004c55        0x3 
 .rodata.str1.4
                0x0000000008004c58       0x30 ./system/src/stm32f3-stdperiph/stm32f30x_rcc.o
 .rodata.str1.4
                0x0000000008004c88       0x30 ./system/src/stm32f3-stdperiph/stm32f30x_tim.o
 .rodata.str1.4
                0x0000000008004cb8       0x14 ./system/src/newlib/_exit.o
 .rodata.str1.4
                0x0000000008004ccc       0x6b ./system/src/newlib/assert.o
                                         0x6f (size before relaxing)
 *fill*         0x0000000008004d37        0x1 
 .rodata.str1.4
                0x0000000008004d38       0x29 ./system/src/diag/Trace.o
                                         0x2d (size before relaxing)
 *fill*         0x0000000008004d61        0x3 
 .rodata.str1.4
                0x0000000008004d64      0x146 ./system/src/cortexm/exception_handlers.o
 *fill*         0x0000000008004eaa        0x2 
 .rodata.str1.4
                0x0000000008004eac        0x8 ./src/main.o
                                          0x7 (size before relaxing)
 .rodata.str1.1
                0x0000000008004eb4        0x2 /Users/adamhjermstad/gcc-arm-none-eabi-5_3-2016q1/bin/../lib/gcc/arm-none-eabi/5.3.1/../../../../arm-none-eabi/lib/armv7e-m/libg_nano.a(lib_a-impure.o)
 .rodata.str1.1
                0x0000000008004eb6       0x12 /Users/adamhjermstad/gcc-arm-none-eabi-5_3-2016q1/bin/../lib/gcc/arm-none-eabi/5.3.1/../../../../arm-none-eabi/lib/armv7e-m/libg_nano.a(lib_a-nano-vfprintf_float.o)
 .rodata.str1.1
                0x0000000008004ec8       0x22 /Users/adamhjermstad/gcc-arm-none-eabi-5_3-2016q1/bin/../lib/gcc/arm-none-eabi/5.3.1/../../../../arm-none-eabi/lib/armv7e-m/libg_nano.a(lib_a-nano-vfprintf_i.o)
 .rodata.str1.1
                0x0000000008004eea        0xd /Users/adamhjermstad/gcc-arm-none-eabi-5_3-2016q1/bin/../lib/gcc/arm-none-eabi/5.3.1/../../../../arm-none-eabi/lib/armv7e-m/libg_nano.a(lib_a-dtoa.o)
                                          0xf (size before relaxing)
 .rodata.str1.1
                0x0000000008004ef7        0x8 /Users/adamhjermstad/gcc-arm-none-eabi-5_3-2016q1/bin/../lib/gcc/arm-none-eabi/5.3.1/../../../../arm-none-eabi/lib/armv7e-m/libg_nano.a(lib_a-locale.o)
                                          0xb (size before relaxing)
 *fill*         0x0000000008004eff        0x1 
 .rodata.__mprec_tens
                0x0000000008004f00       0xc8 /Users/adamhjermstad/gcc-arm-none-eabi-5_3-2016q1/bin/../lib/gcc/arm-none-eabi/5.3.1/../../../../arm-none-eabi/lib/armv7e-m/libg_nano.a(lib_a-mprec.o)
                0x0000000008004f00                __mprec_tens
 .rodata.__mprec_bigtens
                0x0000000008004fc8       0x28 /Users/adamhjermstad/gcc-arm-none-eabi-5_3-2016q1/bin/../lib/gcc/arm-none-eabi/5.3.1/../../../../arm-none-eabi/lib/armv7e-m/libg_nano.a(lib_a-mprec.o)
                0x0000000008004fc8                __mprec_bigtens
 .rodata.p05.5385
                0x0000000008004ff0        0xc /Users/adamhjermstad/gcc-arm-none-eabi-5_3-2016q1/bin/../lib/gcc/arm-none-eabi/5.3.1/../../../../arm-none-eabi/lib/armv7e-m/libg_nano.a(lib_a-mprec.o)
 .rodata.str1.1
                0x0000000008004ffc       0x11 /Users/adamhjermstad/gcc-arm-none-eabi-5_3-2016q1/bin/../lib/gcc/arm-none-eabi/5.3.1/../../../../arm-none-eabi/lib/armv7e-m/libg_nano.a(lib_a-nano-svfprintf.o)
 *(vtable)
 *(.eh_frame*)
 *(.glue_7)
 .glue_7        0x000000000800500d        0x0 linker stubs
 *(.glue_7t)
 .glue_7t       0x000000000800500d        0x0 linker stubs

.vfp11_veneer   0x0000000008005010        0x0
 .vfp11_veneer  0x0000000008005010        0x0 linker stubs

.v4_bx          0x0000000008005010        0x0
 .v4_bx         0x0000000008005010        0x0 linker stubs

.iplt           0x0000000008005010        0x0
 .iplt          0x0000000008005010        0x0 ./system/src/stm32f3-stdperiph/stm32f30x_adc.o

.rel.dyn        0x0000000008005010        0x0
 .rel.iplt      0x0000000008005010        0x0 ./system/src/stm32f3-stdperiph/stm32f30x_adc.o

.ARM.extab
 *(.ARM.extab* .gnu.linkonce.armextab.*)
                0x0000000008005010                . = ALIGN (0x4)
                0x0000000008005010                __exidx_start = .

.ARM.exidx
 *(.ARM.exidx* .gnu.linkonce.armexidx.*)
                0x0000000008005010                __exidx_end = .
                0x0000000008005010                . = ALIGN (0x4)
                0x0000000008005010                _etext = .
                0x0000000008005010                __etext = .

.data_CCMRAM    0x0000000010000000        0x0 load address 0x0000000008005010
 FILL mask 0xff
 *(.data.CCMRAM .data.CCMRAM.*)
                0x0000000010000000                . = ALIGN (0x4)
                0x0000000008005010                _sidata = LOADADDR (.data)

.data           0x0000000020000000       0xc0 load address 0x0000000008005010
 FILL mask 0xff
                0x0000000020000000                _sdata = .
                0x0000000020000000                __data_start__ = .
 *(.data_begin .data_begin.*)
 .data_begin    0x0000000020000000        0x4 ./system/src/newlib/_startup.o
 *(.data .data.*)
 .data.argv.4255
                0x0000000020000004        0x8 ./system/src/newlib/_syscalls.o
 .data.AHBPrescTable
                0x000000002000000c       0x10 ./system/src/cmsis/system_stm32f30x.o
                0x000000002000000c                AHBPrescTable
 .data.SystemCoreClock
                0x000000002000001c        0x4 ./system/src/cmsis/system_stm32f30x.o
                0x000000002000001c                SystemCoreClock
 .data.impure_data
                0x0000000020000020       0x60 /Users/adamhjermstad/gcc-arm-none-eabi-5_3-2016q1/bin/../lib/gcc/arm-none-eabi/5.3.1/../../../../arm-none-eabi/lib/armv7e-m/libg_nano.a(lib_a-impure.o)
 .data._impure_ptr
                0x0000000020000080        0x4 /Users/adamhjermstad/gcc-arm-none-eabi-5_3-2016q1/bin/../lib/gcc/arm-none-eabi/5.3.1/../../../../arm-none-eabi/lib/armv7e-m/libg_nano.a(lib_a-impure.o)
                0x0000000020000080                _impure_ptr
 .data.lconv    0x0000000020000084       0x38 /Users/adamhjermstad/gcc-arm-none-eabi-5_3-2016q1/bin/../lib/gcc/arm-none-eabi/5.3.1/../../../../arm-none-eabi/lib/armv7e-m/libg_nano.a(lib_a-locale.o)
 *(.data_end .data_end.*)
 .data_end      0x00000000200000bc        0x4 ./system/src/newlib/_startup.o
                0x00000000200000c0                . = ALIGN (0x4)
                0x00000000200000c0                _edata = .
                0x00000000200000c0                __data_end__ = .

.igot.plt       0x00000000200000c0        0x0 load address 0x00000000080050d0
 .igot.plt      0x00000000200000c0        0x0 ./system/src/stm32f3-stdperiph/stm32f30x_adc.o

.bss_CCMRAM     0x0000000010000000        0x0
 *(.bss.CCMRAM .bss.CCMRAM.*)

.bss            0x00000000200000c0       0xa0
                0x00000000200000c0                __bss_start__ = .
                0x00000000200000c0                _sbss = .
 *(.bss_begin .bss_begin.*)
 .bss_begin     0x00000000200000c0        0x4 ./system/src/newlib/_startup.o
 *(.bss .bss.*)
 .bss.current_heap_end.3946
                0x00000000200000c4        0x4 ./system/src/newlib/_sbrk.o
 .bss.name.4254
                0x00000000200000c8        0x1 ./system/src/newlib/_syscalls.o
 *fill*         0x00000000200000c9        0x3 
 .bss.buf.5140  0x00000000200000cc       0x80 ./system/src/diag/Trace.o
 .bss.__malloc_sbrk_start
                0x000000002000014c        0x4 /Users/adamhjermstad/gcc-arm-none-eabi-5_3-2016q1/bin/../lib/gcc/arm-none-eabi/5.3.1/../../../../arm-none-eabi/lib/armv7e-m/libg_nano.a(lib_a-nano-mallocr.o)
                0x000000002000014c                __malloc_sbrk_start
 .bss.__malloc_free_list
                0x0000000020000150        0x4 /Users/adamhjermstad/gcc-arm-none-eabi-5_3-2016q1/bin/../lib/gcc/arm-none-eabi/5.3.1/../../../../arm-none-eabi/lib/armv7e-m/libg_nano.a(lib_a-nano-mallocr.o)
                0x0000000020000150                __malloc_free_list
 *(COMMON)
 COMMON         0x0000000020000154        0x4 ./system/src/newlib/_syscalls.o
                0x0000000020000154                errno
 COMMON         0x0000000020000158        0x4 ./src/Timer.o
                0x0000000020000158                timer_delayCount
 *(.bss_end .bss_end.*)
 .bss_end       0x000000002000015c        0x4 ./system/src/newlib/_startup.o
                0x0000000020000160                . = ALIGN (0x4)
                0x0000000020000160                __bss_end__ = .
                0x0000000020000160                _ebss = .

.noinit_CCMRAM
 *(.noinit.CCMRAM .noinit.CCMRAM.*)

.noinit         0x0000000020000160        0x0
                0x0000000020000160                _noinit = .
 *(.noinit .noinit.*)
                0x0000000020000160                . = ALIGN (0x4)
                0x0000000020000160                _end_noinit = .
                [!provide]                        PROVIDE (end, _end_noinit)
                [!provide]                        PROVIDE (_end, _end_noinit)
                [!provide]                        PROVIDE (__end, _end_noinit)
                [!provide]                        PROVIDE (__end__, _end_noinit)

._check_stack   0x0000000020000160      0x100
                0x0000000020000260                . = (. + _Minimum_Stack_Size)
 *fill*         0x0000000020000160      0x100 

.b1text
 *(.b1text)
 *(.b1rodata)
 *(.b1rodata.*)

.eb0text
 *(.eb0text)
 *(.eb0rodata)
 *(.eb0rodata.*)

.eb1text
 *(.eb1text)
 *(.eb1rodata)
 *(.eb1rodata.*)

.eb2text
 *(.eb2text)
 *(.eb2rodata)
 *(.eb2rodata.*)

.eb3text
 *(.eb3text)
 *(.eb3rodata)
 *(.eb3rodata.*)

.stab
 *(.stab)

.stabstr
 *(.stabstr)

.stab.excl
 *(.stab.excl)

.stab.exclstr
 *(.stab.exclstr)

.stab.index
 *(.stab.index)

.stab.indexstr
 *(.stab.indexstr)

.comment        0x0000000000000000       0x6e
 *(.comment)
 .comment       0x0000000000000000       0x6e ./system/src/stm32f3-stdperiph/stm32f30x_adc.o
                                         0x6f (size before relaxing)
 .comment       0x000000000000006e       0x6f ./system/src/stm32f3-stdperiph/stm32f30x_dac.o
 .comment       0x000000000000006e       0x6f ./system/src/stm32f3-stdperiph/stm32f30x_gpio.o
 .comment       0x000000000000006e       0x6f ./system/src/stm32f3-stdperiph/stm32f30x_rcc.o
 .comment       0x000000000000006e       0x6f ./system/src/stm32f3-stdperiph/stm32f30x_tim.o
 .comment       0x000000000000006e       0x6f ./system/src/newlib/_exit.o
 .comment       0x000000000000006e       0x6f ./system/src/newlib/_sbrk.o
 .comment       0x000000000000006e       0x6f ./system/src/newlib/_startup.o
 .comment       0x000000000000006e       0x6f ./system/src/newlib/_syscalls.o
 .comment       0x000000000000006e       0x6f ./system/src/newlib/assert.o
 .comment       0x000000000000006e       0x6f ./system/src/diag/Trace.o
 .comment       0x000000000000006e       0x6f ./system/src/diag/trace_impl.o
 .comment       0x000000000000006e       0x6f ./system/src/cortexm/_initialize_hardware.o
 .comment       0x000000000000006e       0x6f ./system/src/cortexm/exception_handlers.o
 .comment       0x000000000000006e       0x6f ./system/src/cmsis/system_stm32f30x.o
 .comment       0x000000000000006e       0x6f ./system/src/cmsis/vectors_stm32f30x.o
 .comment       0x000000000000006e       0x6f ./src/Timer.o
 .comment       0x000000000000006e       0x6f ./src/main.o

.ARM.attributes
                0x0000000000000000       0x31
 .ARM.attributes
                0x0000000000000000       0x33 ./system/src/stm32f3-stdperiph/stm32f30x_adc.o
 .ARM.attributes
                0x0000000000000033       0x33 ./system/src/stm32f3-stdperiph/stm32f30x_dac.o
 .ARM.attributes
                0x0000000000000066       0x33 ./system/src/stm32f3-stdperiph/stm32f30x_gpio.o
 .ARM.attributes
                0x0000000000000099       0x33 ./system/src/stm32f3-stdperiph/stm32f30x_rcc.o
 .ARM.attributes
                0x00000000000000cc       0x33 ./system/src/stm32f3-stdperiph/stm32f30x_tim.o
 .ARM.attributes
                0x00000000000000ff       0x33 ./system/src/newlib/_exit.o
 .ARM.attributes
                0x0000000000000132       0x33 ./system/src/newlib/_sbrk.o
 .ARM.attributes
                0x0000000000000165       0x33 ./system/src/newlib/_startup.o
 .ARM.attributes
                0x0000000000000198       0x33 ./system/src/newlib/_syscalls.o
 .ARM.attributes
                0x00000000000001cb       0x33 ./system/src/newlib/assert.o
 .ARM.attributes
                0x00000000000001fe       0x33 ./system/src/diag/Trace.o
 .ARM.attributes
                0x0000000000000231       0x33 ./system/src/diag/trace_impl.o
 .ARM.attributes
                0x0000000000000264       0x33 ./system/src/cortexm/_initialize_hardware.o
 .ARM.attributes
                0x0000000000000297       0x33 ./system/src/cortexm/exception_handlers.o
 .ARM.attributes
                0x00000000000002ca       0x33 ./system/src/cmsis/system_stm32f30x.o
 .ARM.attributes
                0x00000000000002fd       0x33 ./system/src/cmsis/vectors_stm32f30x.o
 .ARM.attributes
                0x0000000000000330       0x33 ./src/Timer.o
 .ARM.attributes
                0x0000000000000363       0x33 ./src/main.o
 .ARM.attributes
                0x0000000000000396       0x1e /Users/adamhjermstad/gcc-arm-none-eabi-5_3-2016q1/bin/../lib/gcc/arm-none-eabi/5.3.1/armv7e-m/libgcc.a(_arm_addsubdf3.o)
 .ARM.attributes
                0x00000000000003b4       0x1e /Users/adamhjermstad/gcc-arm-none-eabi-5_3-2016q1/bin/../lib/gcc/arm-none-eabi/5.3.1/armv7e-m/libgcc.a(_arm_muldivdf3.o)
 .ARM.attributes
                0x00000000000003d2       0x1e /Users/adamhjermstad/gcc-arm-none-eabi-5_3-2016q1/bin/../lib/gcc/arm-none-eabi/5.3.1/armv7e-m/libgcc.a(_arm_truncdfsf2.o)
 .ARM.attributes
                0x00000000000003f0       0x1e /Users/adamhjermstad/gcc-arm-none-eabi-5_3-2016q1/bin/../lib/gcc/arm-none-eabi/5.3.1/armv7e-m/libgcc.a(_arm_addsubsf3.o)
 .ARM.attributes
                0x000000000000040e       0x1e /Users/adamhjermstad/gcc-arm-none-eabi-5_3-2016q1/bin/../lib/gcc/arm-none-eabi/5.3.1/armv7e-m/libgcc.a(_arm_muldivsf3.o)
 .ARM.attributes
                0x000000000000042c       0x1e /Users/adamhjermstad/gcc-arm-none-eabi-5_3-2016q1/bin/../lib/gcc/arm-none-eabi/5.3.1/armv7e-m/libgcc.a(_arm_fixsfsi.o)
 .ARM.attributes
                0x000000000000044a       0x2e /Users/adamhjermstad/gcc-arm-none-eabi-5_3-2016q1/bin/../lib/gcc/arm-none-eabi/5.3.1/../../../../arm-none-eabi/lib/armv7e-m/libg_nano.a(lib_a-errno.o)
 .ARM.attributes
                0x0000000000000478       0x2e /Users/adamhjermstad/gcc-arm-none-eabi-5_3-2016q1/bin/../lib/gcc/arm-none-eabi/5.3.1/../../../../arm-none-eabi/lib/armv7e-m/libg_nano.a(lib_a-impure.o)
 .ARM.attributes
                0x00000000000004a6       0x2e /Users/adamhjermstad/gcc-arm-none-eabi-5_3-2016q1/bin/../lib/gcc/arm-none-eabi/5.3.1/../../../../arm-none-eabi/lib/armv7e-m/libg_nano.a(lib_a-nano-vfprintf_float.o)
 .ARM.attributes
                0x00000000000004d4       0x2e /Users/adamhjermstad/gcc-arm-none-eabi-5_3-2016q1/bin/../lib/gcc/arm-none-eabi/5.3.1/../../../../arm-none-eabi/lib/armv7e-m/libg_nano.a(lib_a-nano-vfprintf_i.o)
 .ARM.attributes
                0x0000000000000502       0x17 /Users/adamhjermstad/gcc-arm-none-eabi-5_3-2016q1/bin/../lib/gcc/arm-none-eabi/5.3.1/../../../../arm-none-eabi/lib/armv7e-m/libg_nano.a(lib_a-strlen.o)
 .ARM.attributes
                0x0000000000000519       0x2e /Users/adamhjermstad/gcc-arm-none-eabi-5_3-2016q1/bin/../lib/gcc/arm-none-eabi/5.3.1/../../../../arm-none-eabi/lib/armv7e-m/libg_nano.a(lib_a-vsnprintf.o)
 .ARM.attributes
                0x0000000000000547       0x2e /Users/adamhjermstad/gcc-arm-none-eabi-5_3-2016q1/bin/../lib/gcc/arm-none-eabi/5.3.1/../../../../arm-none-eabi/lib/armv7e-m/libg_nano.a(lib_a-dtoa.o)
 .ARM.attributes
                0x0000000000000575       0x2e /Users/adamhjermstad/gcc-arm-none-eabi-5_3-2016q1/bin/../lib/gcc/arm-none-eabi/5.3.1/../../../../arm-none-eabi/lib/armv7e-m/libg_nano.a(lib_a-locale.o)
 .ARM.attributes
                0x00000000000005a3       0x2e /Users/adamhjermstad/gcc-arm-none-eabi-5_3-2016q1/bin/../lib/gcc/arm-none-eabi/5.3.1/../../../../arm-none-eabi/lib/armv7e-m/libg_nano.a(lib_a-malloc.o)
 .ARM.attributes
                0x00000000000005d1       0x1c /Users/adamhjermstad/gcc-arm-none-eabi-5_3-2016q1/bin/../lib/gcc/arm-none-eabi/5.3.1/../../../../arm-none-eabi/lib/armv7e-m/libg_nano.a(lib_a-memchr.o)
 .ARM.attributes
                0x00000000000005ed       0x2e /Users/adamhjermstad/gcc-arm-none-eabi-5_3-2016q1/bin/../lib/gcc/arm-none-eabi/5.3.1/../../../../arm-none-eabi/lib/armv7e-m/libg_nano.a(lib_a-memcpy-stub.o)
 .ARM.attributes
                0x000000000000061b       0x2e /Users/adamhjermstad/gcc-arm-none-eabi-5_3-2016q1/bin/../lib/gcc/arm-none-eabi/5.3.1/../../../../arm-none-eabi/lib/armv7e-m/libg_nano.a(lib_a-mprec.o)
 .ARM.attributes
                0x0000000000000649       0x2e /Users/adamhjermstad/gcc-arm-none-eabi-5_3-2016q1/bin/../lib/gcc/arm-none-eabi/5.3.1/../../../../arm-none-eabi/lib/armv7e-m/libg_nano.a(lib_a-nano-callocr.o)
 .ARM.attributes
                0x0000000000000677       0x2e /Users/adamhjermstad/gcc-arm-none-eabi-5_3-2016q1/bin/../lib/gcc/arm-none-eabi/5.3.1/../../../../arm-none-eabi/lib/armv7e-m/libg_nano.a(lib_a-nano-freer.o)
 .ARM.attributes
                0x00000000000006a5       0x2e /Users/adamhjermstad/gcc-arm-none-eabi-5_3-2016q1/bin/../lib/gcc/arm-none-eabi/5.3.1/../../../../arm-none-eabi/lib/armv7e-m/libg_nano.a(lib_a-nano-mallocr.o)
 .ARM.attributes
                0x00000000000006d3       0x2e /Users/adamhjermstad/gcc-arm-none-eabi-5_3-2016q1/bin/../lib/gcc/arm-none-eabi/5.3.1/../../../../arm-none-eabi/lib/armv7e-m/libg_nano.a(lib_a-nano-svfprintf.o)
 .ARM.attributes
                0x0000000000000701       0x2e /Users/adamhjermstad/gcc-arm-none-eabi-5_3-2016q1/bin/../lib/gcc/arm-none-eabi/5.3.1/../../../../arm-none-eabi/lib/armv7e-m/libg_nano.a(lib_a-sbrkr.o)
 .ARM.attributes
                0x000000000000072f       0x2e /Users/adamhjermstad/gcc-arm-none-eabi-5_3-2016q1/bin/../lib/gcc/arm-none-eabi/5.3.1/../../../../arm-none-eabi/lib/armv7e-m/libg_nano.a(lib_a-memmove.o)
 .ARM.attributes
                0x000000000000075d       0x2e /Users/adamhjermstad/gcc-arm-none-eabi-5_3-2016q1/bin/../lib/gcc/arm-none-eabi/5.3.1/../../../../arm-none-eabi/lib/armv7e-m/libg_nano.a(lib_a-memset.o)
 .ARM.attributes
                0x000000000000078b       0x2e /Users/adamhjermstad/gcc-arm-none-eabi-5_3-2016q1/bin/../lib/gcc/arm-none-eabi/5.3.1/../../../../arm-none-eabi/lib/armv7e-m/libg_nano.a(lib_a-nano-reallocr.o)
 .ARM.attributes
                0x00000000000007b9       0x2e /Users/adamhjermstad/gcc-arm-none-eabi-5_3-2016q1/bin/../lib/gcc/arm-none-eabi/5.3.1/../../../../arm-none-eabi/lib/armv7e-m/libg_nano.a(lib_a-nano-msizer.o)
 .ARM.attributes
                0x00000000000007e7       0x1e /Users/adamhjermstad/gcc-arm-none-eabi-5_3-2016q1/bin/../lib/gcc/arm-none-eabi/5.3.1/armv7e-m/libgcc.a(_arm_cmpdf2.o)
 .ARM.attributes
                0x0000000000000805       0x1e /Users/adamhjermstad/gcc-arm-none-eabi-5_3-2016q1/bin/../lib/gcc/arm-none-eabi/5.3.1/armv7e-m/libgcc.a(_arm_unorddf2.o)
 .ARM.attributes
                0x0000000000000823       0x1e /Users/adamhjermstad/gcc-arm-none-eabi-5_3-2016q1/bin/../lib/gcc/arm-none-eabi/5.3.1/armv7e-m/libgcc.a(_arm_fixdfsi.o)

.debug
 *(.debug)

.line
 *(.line)

.debug_srcinfo
 *(.debug_srcinfo)

.debug_sfnames
 *(.debug_sfnames)

.debug_aranges  0x0000000000000000      0xb00
 *(.debug_aranges)
 .debug_aranges
                0x0000000000000000      0x210 ./system/src/stm32f3-stdperiph/stm32f30x_adc.o
 .debug_aranges
                0x0000000000000210       0xa0 ./system/src/stm32f3-stdperiph/stm32f30x_dac.o
 .debug_aranges
                0x00000000000002b0       0x80 ./system/src/stm32f3-stdperiph/stm32f30x_gpio.o
 .debug_aranges
                0x0000000000000330      0x150 ./system/src/stm32f3-stdperiph/stm32f30x_rcc.o
 .debug_aranges
                0x0000000000000480      0x3a8 ./system/src/stm32f3-stdperiph/stm32f30x_tim.o
 .debug_aranges
                0x0000000000000828       0x28 ./system/src/newlib/_exit.o
 .debug_aranges
                0x0000000000000850       0x20 ./system/src/newlib/_sbrk.o
 .debug_aranges
                0x0000000000000870       0x40 ./system/src/newlib/_startup.o
 .debug_aranges
                0x00000000000008b0       0x30 ./system/src/newlib/_syscalls.o
 .debug_aranges
                0x00000000000008e0       0x28 ./system/src/newlib/assert.o
 .debug_aranges
                0x0000000000000908       0x38 ./system/src/diag/Trace.o
 .debug_aranges
                0x0000000000000940       0x30 ./system/src/diag/trace_impl.o
 .debug_aranges
                0x0000000000000970       0x28 ./system/src/cortexm/_initialize_hardware.o
 .debug_aranges
                0x0000000000000998       0x90 ./system/src/cortexm/exception_handlers.o
 .debug_aranges
                0x0000000000000a28       0x30 ./system/src/cmsis/system_stm32f30x.o
 .debug_aranges
                0x0000000000000a58       0x20 ./system/src/cmsis/vectors_stm32f30x.o
 .debug_aranges
                0x0000000000000a78       0x38 ./src/Timer.o
 .debug_aranges
                0x0000000000000ab0       0x50 ./src/main.o

.debug_pubnames
 *(.debug_pubnames)

.debug_info     0x0000000000000000     0xc00c
 *(.debug_info .gnu.linkonce.wi.*)
 .debug_info    0x0000000000000000     0x2204 ./system/src/stm32f3-stdperiph/stm32f30x_adc.o
 .debug_info    0x0000000000002204      0xa2b ./system/src/stm32f3-stdperiph/stm32f30x_dac.o
 .debug_info    0x0000000000002c2f      0xa34 ./system/src/stm32f3-stdperiph/stm32f30x_gpio.o
 .debug_info    0x0000000000003663      0xf79 ./system/src/stm32f3-stdperiph/stm32f30x_rcc.o
 .debug_info    0x00000000000045dc     0x41c1 ./system/src/stm32f3-stdperiph/stm32f30x_tim.o
 .debug_info    0x000000000000879d       0xef ./system/src/newlib/_exit.o
 .debug_info    0x000000000000888c      0x11f ./system/src/newlib/_sbrk.o
 .debug_info    0x00000000000089ab      0x4ef ./system/src/newlib/_startup.o
 .debug_info    0x0000000000008e9a      0x1bc ./system/src/newlib/_syscalls.o
 .debug_info    0x0000000000009056      0x1a3 ./system/src/newlib/assert.o
 .debug_info    0x00000000000091f9      0x2e6 ./system/src/diag/Trace.o
 .debug_info    0x00000000000094df      0x30a ./system/src/diag/trace_impl.o
 .debug_info    0x00000000000097e9      0x2b1 ./system/src/cortexm/_initialize_hardware.o
 .debug_info    0x0000000000009a9a      0x8ff ./system/src/cortexm/exception_handlers.o
 .debug_info    0x000000000000a399      0x4a9 ./system/src/cmsis/system_stm32f30x.o
 .debug_info    0x000000000000a842       0xd1 ./system/src/cmsis/vectors_stm32f30x.o
 .debug_info    0x000000000000a913      0x6c0 ./src/Timer.o
 .debug_info    0x000000000000afd3     0x1039 ./src/main.o

.debug_abbrev   0x0000000000000000     0x1a1d
 *(.debug_abbrev)
 .debug_abbrev  0x0000000000000000      0x1e1 ./system/src/stm32f3-stdperiph/stm32f30x_adc.o
 .debug_abbrev  0x00000000000001e1      0x1cf ./system/src/stm32f3-stdperiph/stm32f30x_dac.o
 .debug_abbrev  0x00000000000003b0      0x1e7 ./system/src/stm32f3-stdperiph/stm32f30x_gpio.o
 .debug_abbrev  0x0000000000000597      0x221 ./system/src/stm32f3-stdperiph/stm32f30x_rcc.o
 .debug_abbrev  0x00000000000007b8      0x1c9 ./system/src/stm32f3-stdperiph/stm32f30x_tim.o
 .debug_abbrev  0x0000000000000981       0x8e ./system/src/newlib/_exit.o
 .debug_abbrev  0x0000000000000a0f       0xb9 ./system/src/newlib/_sbrk.o
 .debug_abbrev  0x0000000000000ac8      0x1d4 ./system/src/newlib/_startup.o
 .debug_abbrev  0x0000000000000c9c       0xec ./system/src/newlib/_syscalls.o
 .debug_abbrev  0x0000000000000d88       0xab ./system/src/newlib/assert.o
 .debug_abbrev  0x0000000000000e33      0x145 ./system/src/diag/Trace.o
 .debug_abbrev  0x0000000000000f78      0x1c8 ./system/src/diag/trace_impl.o
 .debug_abbrev  0x0000000000001140       0xea ./system/src/cortexm/_initialize_hardware.o
 .debug_abbrev  0x000000000000122a      0x247 ./system/src/cortexm/exception_handlers.o
 .debug_abbrev  0x0000000000001471      0x13f ./system/src/cmsis/system_stm32f30x.o
 .debug_abbrev  0x00000000000015b0       0x9d ./system/src/cmsis/vectors_stm32f30x.o
 .debug_abbrev  0x000000000000164d      0x1c0 ./src/Timer.o
 .debug_abbrev  0x000000000000180d      0x210 ./src/main.o

.debug_line     0x0000000000000000     0x81e6
 *(.debug_line)
 .debug_line    0x0000000000000000     0x1289 ./system/src/stm32f3-stdperiph/stm32f30x_adc.o
 .debug_line    0x0000000000001289      0x6ac ./system/src/stm32f3-stdperiph/stm32f30x_dac.o
 .debug_line    0x0000000000001935      0x73a ./system/src/stm32f3-stdperiph/stm32f30x_gpio.o
 .debug_line    0x000000000000206f      0xa50 ./system/src/stm32f3-stdperiph/stm32f30x_rcc.o
 .debug_line    0x0000000000002abf     0x244d ./system/src/stm32f3-stdperiph/stm32f30x_tim.o
 .debug_line    0x0000000000004f0c      0x307 ./system/src/newlib/_exit.o
 .debug_line    0x0000000000005213      0x2b9 ./system/src/newlib/_sbrk.o
 .debug_line    0x00000000000054cc      0x381 ./system/src/newlib/_startup.o
 .debug_line    0x000000000000584d      0x3b5 ./system/src/newlib/_syscalls.o
 .debug_line    0x0000000000005c02      0x342 ./system/src/newlib/assert.o
 .debug_line    0x0000000000005f44      0x366 ./system/src/diag/Trace.o
 .debug_line    0x00000000000062aa      0x5f9 ./system/src/diag/trace_impl.o
 .debug_line    0x00000000000068a3      0x378 ./system/src/cortexm/_initialize_hardware.o
 .debug_line    0x0000000000006c1b      0x696 ./system/src/cortexm/exception_handlers.o
 .debug_line    0x00000000000072b1      0x3b8 ./system/src/cmsis/system_stm32f30x.o
 .debug_line    0x0000000000007669       0xfc ./system/src/cmsis/vectors_stm32f30x.o
 .debug_line    0x0000000000007765      0x3cb ./src/Timer.o
 .debug_line    0x0000000000007b30      0x6b6 ./src/main.o

.debug_frame    0x0000000000000000     0x2690
 *(.debug_frame)
 .debug_frame   0x0000000000000000      0x6a0 ./system/src/stm32f3-stdperiph/stm32f30x_adc.o
 .debug_frame   0x00000000000006a0      0x1e4 ./system/src/stm32f3-stdperiph/stm32f30x_dac.o
 .debug_frame   0x0000000000000884      0x164 ./system/src/stm32f3-stdperiph/stm32f30x_gpio.o
 .debug_frame   0x00000000000009e8      0x3cc ./system/src/stm32f3-stdperiph/stm32f30x_rcc.o
 .debug_frame   0x0000000000000db4      0xc6c ./system/src/stm32f3-stdperiph/stm32f30x_tim.o
 .debug_frame   0x0000000000001a20       0x38 ./system/src/newlib/_exit.o
 .debug_frame   0x0000000000001a58       0x28 ./system/src/newlib/_sbrk.o
 .debug_frame   0x0000000000001a80       0x7c ./system/src/newlib/_startup.o
 .debug_frame   0x0000000000001afc       0x50 ./system/src/newlib/_syscalls.o
 .debug_frame   0x0000000000001b4c       0x40 ./system/src/newlib/assert.o
 .debug_frame   0x0000000000001b8c       0x94 ./system/src/diag/Trace.o
 .debug_frame   0x0000000000001c20       0x60 ./system/src/diag/trace_impl.o
 .debug_frame   0x0000000000001c80       0x40 ./system/src/cortexm/_initialize_hardware.o
 .debug_frame   0x0000000000001cc0      0x158 ./system/src/cortexm/exception_handlers.o
 .debug_frame   0x0000000000001e18       0x50 ./system/src/cmsis/system_stm32f30x.o
 .debug_frame   0x0000000000001e68       0x20 ./system/src/cmsis/vectors_stm32f30x.o
 .debug_frame   0x0000000000001e88       0x58 ./src/Timer.o
 .debug_frame   0x0000000000001ee0       0xe8 ./src/main.o
 .debug_frame   0x0000000000001fc8       0x20 /Users/adamhjermstad/gcc-arm-none-eabi-5_3-2016q1/bin/../lib/gcc/arm-none-eabi/5.3.1/../../../../arm-none-eabi/lib/armv7e-m/libg_nano.a(lib_a-errno.o)
 .debug_frame   0x0000000000001fe8       0x8c /Users/adamhjermstad/gcc-arm-none-eabi-5_3-2016q1/bin/../lib/gcc/arm-none-eabi/5.3.1/../../../../arm-none-eabi/lib/armv7e-m/libg_nano.a(lib_a-nano-vfprintf_float.o)
 .debug_frame   0x0000000000002074       0x60 /Users/adamhjermstad/gcc-arm-none-eabi-5_3-2016q1/bin/../lib/gcc/arm-none-eabi/5.3.1/../../../../arm-none-eabi/lib/armv7e-m/libg_nano.a(lib_a-nano-vfprintf_i.o)
 .debug_frame   0x00000000000020d4       0x48 /Users/adamhjermstad/gcc-arm-none-eabi-5_3-2016q1/bin/../lib/gcc/arm-none-eabi/5.3.1/../../../../arm-none-eabi/lib/armv7e-m/libg_nano.a(lib_a-vsnprintf.o)
 .debug_frame   0x000000000000211c       0x6c /Users/adamhjermstad/gcc-arm-none-eabi-5_3-2016q1/bin/../lib/gcc/arm-none-eabi/5.3.1/../../../../arm-none-eabi/lib/armv7e-m/libg_nano.a(lib_a-dtoa.o)
 .debug_frame   0x0000000000002188       0x98 /Users/adamhjermstad/gcc-arm-none-eabi-5_3-2016q1/bin/../lib/gcc/arm-none-eabi/5.3.1/../../../../arm-none-eabi/lib/armv7e-m/libg_nano.a(lib_a-locale.o)
 .debug_frame   0x0000000000002220       0x30 /Users/adamhjermstad/gcc-arm-none-eabi-5_3-2016q1/bin/../lib/gcc/arm-none-eabi/5.3.1/../../../../arm-none-eabi/lib/armv7e-m/libg_nano.a(lib_a-malloc.o)
 .debug_frame   0x0000000000002250       0x28 /Users/adamhjermstad/gcc-arm-none-eabi-5_3-2016q1/bin/../lib/gcc/arm-none-eabi/5.3.1/../../../../arm-none-eabi/lib/armv7e-m/libg_nano.a(lib_a-memcpy-stub.o)
 .debug_frame   0x0000000000002278      0x234 /Users/adamhjermstad/gcc-arm-none-eabi-5_3-2016q1/bin/../lib/gcc/arm-none-eabi/5.3.1/../../../../arm-none-eabi/lib/armv7e-m/libg_nano.a(lib_a-mprec.o)
 .debug_frame   0x00000000000024ac       0x2c /Users/adamhjermstad/gcc-arm-none-eabi-5_3-2016q1/bin/../lib/gcc/arm-none-eabi/5.3.1/../../../../arm-none-eabi/lib/armv7e-m/libg_nano.a(lib_a-nano-callocr.o)
 .debug_frame   0x00000000000024d8       0x2c /Users/adamhjermstad/gcc-arm-none-eabi-5_3-2016q1/bin/../lib/gcc/arm-none-eabi/5.3.1/../../../../arm-none-eabi/lib/armv7e-m/libg_nano.a(lib_a-nano-freer.o)
 .debug_frame   0x0000000000002504       0x2c /Users/adamhjermstad/gcc-arm-none-eabi-5_3-2016q1/bin/../lib/gcc/arm-none-eabi/5.3.1/../../../../arm-none-eabi/lib/armv7e-m/libg_nano.a(lib_a-nano-mallocr.o)
 .debug_frame   0x0000000000002530       0x90 /Users/adamhjermstad/gcc-arm-none-eabi-5_3-2016q1/bin/../lib/gcc/arm-none-eabi/5.3.1/../../../../arm-none-eabi/lib/armv7e-m/libg_nano.a(lib_a-nano-svfprintf.o)
 .debug_frame   0x00000000000025c0       0x2c /Users/adamhjermstad/gcc-arm-none-eabi-5_3-2016q1/bin/../lib/gcc/arm-none-eabi/5.3.1/../../../../arm-none-eabi/lib/armv7e-m/libg_nano.a(lib_a-sbrkr.o)
 .debug_frame   0x00000000000025ec       0x28 /Users/adamhjermstad/gcc-arm-none-eabi-5_3-2016q1/bin/../lib/gcc/arm-none-eabi/5.3.1/../../../../arm-none-eabi/lib/armv7e-m/libg_nano.a(lib_a-memmove.o)
 .debug_frame   0x0000000000002614       0x20 /Users/adamhjermstad/gcc-arm-none-eabi-5_3-2016q1/bin/../lib/gcc/arm-none-eabi/5.3.1/../../../../arm-none-eabi/lib/armv7e-m/libg_nano.a(lib_a-memset.o)
 .debug_frame   0x0000000000002634       0x3c /Users/adamhjermstad/gcc-arm-none-eabi-5_3-2016q1/bin/../lib/gcc/arm-none-eabi/5.3.1/../../../../arm-none-eabi/lib/armv7e-m/libg_nano.a(lib_a-nano-reallocr.o)
 .debug_frame   0x0000000000002670       0x20 /Users/adamhjermstad/gcc-arm-none-eabi-5_3-2016q1/bin/../lib/gcc/arm-none-eabi/5.3.1/../../../../arm-none-eabi/lib/armv7e-m/libg_nano.a(lib_a-nano-msizer.o)

.debug_str      0x0000000000000000    0x5cc91
 *(.debug_str)
 .debug_str     0x0000000000000000    0x53d2f ./system/src/stm32f3-stdperiph/stm32f30x_adc.o
                                      0x53ee6 (size before relaxing)
 .debug_str     0x0000000000053d2f      0x392 ./system/src/stm32f3-stdperiph/stm32f30x_dac.o
                                      0x5381a (size before relaxing)
 .debug_str     0x00000000000540c1      0x2aa ./system/src/stm32f3-stdperiph/stm32f30x_gpio.o
                                      0x53766 (size before relaxing)
 .debug_str     0x000000000005436b      0xa36 ./system/src/stm32f3-stdperiph/stm32f30x_rcc.o
                                      0x53f04 (size before relaxing)
 .debug_str     0x0000000000054da1      0xe02 ./system/src/stm32f3-stdperiph/stm32f30x_tim.o
                                      0x54325 (size before relaxing)
 .debug_str     0x0000000000055ba3     0x4485 ./system/src/newlib/_exit.o
                                       0x6b27 (size before relaxing)
 .debug_str     0x000000000005a028      0x4de ./system/src/newlib/_sbrk.o
                                       0x5f12 (size before relaxing)
 .debug_str     0x000000000005a506      0x2d7 ./system/src/newlib/_startup.o
                                       0x5b13 (size before relaxing)
 .debug_str     0x000000000005a7dd      0xe06 ./system/src/newlib/_syscalls.o
                                       0x6d5a (size before relaxing)
 .debug_str     0x000000000005b5e3       0xdf ./system/src/newlib/assert.o
                                       0x7630 (size before relaxing)
 .debug_str     0x000000000005b6c2      0x876 ./system/src/diag/Trace.o
                                       0x72fa (size before relaxing)
 .debug_str     0x000000000005bf38      0x381 ./system/src/diag/trace_impl.o
                                      0x56f92 (size before relaxing)
 .debug_str     0x000000000005c2b9       0xb2 ./system/src/cortexm/_initialize_hardware.o
                                      0x53512 (size before relaxing)
 .debug_str     0x000000000005c36b      0x1a8 ./system/src/cortexm/exception_handlers.o
                                      0x57d6d (size before relaxing)
 .debug_str     0x000000000005c513       0x72 ./system/src/cmsis/system_stm32f30x.o
                                      0x535b3 (size before relaxing)
 .debug_str     0x000000000005c585       0x57 ./system/src/cmsis/vectors_stm32f30x.o
                                       0x308c (size before relaxing)
 .debug_str     0x000000000005c5dc      0x520 ./src/Timer.o
                                      0x53a3a (size before relaxing)
 .debug_str     0x000000000005cafc      0x195 ./src/main.o
                                      0x588d8 (size before relaxing)

.debug_loc      0x0000000000000000     0x6e7b
 *(.debug_loc)
 .debug_loc     0x0000000000000000     0x18ad ./system/src/stm32f3-stdperiph/stm32f30x_adc.o
 .debug_loc     0x00000000000018ad      0x6b8 ./system/src/stm32f3-stdperiph/stm32f30x_dac.o
 .debug_loc     0x0000000000001f65      0x4d7 ./system/src/stm32f3-stdperiph/stm32f30x_gpio.o
 .debug_loc     0x000000000000243c      0xc50 ./system/src/stm32f3-stdperiph/stm32f30x_rcc.o
 .debug_loc     0x000000000000308c     0x3187 ./system/src/stm32f3-stdperiph/stm32f30x_tim.o
 .debug_loc     0x0000000000006213       0x82 ./system/src/newlib/_sbrk.o
 .debug_loc     0x0000000000006295      0x36e ./system/src/newlib/_startup.o
 .debug_loc     0x0000000000006603       0x63 ./system/src/newlib/_syscalls.o
 .debug_loc     0x0000000000006666      0x110 ./system/src/newlib/assert.o
 .debug_loc     0x0000000000006776      0x102 ./system/src/diag/Trace.o
 .debug_loc     0x0000000000006878      0x17c ./system/src/diag/trace_impl.o
 .debug_loc     0x00000000000069f4      0x2a8 ./system/src/cortexm/exception_handlers.o
 .debug_loc     0x0000000000006c9c       0xff ./system/src/cmsis/system_stm32f30x.o
 .debug_loc     0x0000000000006d9b       0x59 ./src/Timer.o
 .debug_loc     0x0000000000006df4       0x87 ./src/main.o

.debug_macinfo
 *(.debug_macinfo)

.debug_weaknames
 *(.debug_weaknames)

.debug_funcnames
 *(.debug_funcnames)

.debug_typenames
 *(.debug_typenames)

.debug_varnames
 *(.debug_varnames)
OUTPUT(499_Debug.elf elf32-littlearm)

.debug_ranges   0x0000000000000000      0xa10
 .debug_ranges  0x0000000000000000      0x200 ./system/src/stm32f3-stdperiph/stm32f30x_adc.o
 .debug_ranges  0x0000000000000200       0x90 ./system/src/stm32f3-stdperiph/stm32f30x_dac.o
 .debug_ranges  0x0000000000000290       0x70 ./system/src/stm32f3-stdperiph/stm32f30x_gpio.o
 .debug_ranges  0x0000000000000300      0x140 ./system/src/stm32f3-stdperiph/stm32f30x_rcc.o
 .debug_ranges  0x0000000000000440      0x398 ./system/src/stm32f3-stdperiph/stm32f30x_tim.o
 .debug_ranges  0x00000000000007d8       0x18 ./system/src/newlib/_exit.o
 .debug_ranges  0x00000000000007f0       0x10 ./system/src/newlib/_sbrk.o
 .debug_ranges  0x0000000000000800       0x30 ./system/src/newlib/_startup.o
 .debug_ranges  0x0000000000000830       0x20 ./system/src/newlib/_syscalls.o
 .debug_ranges  0x0000000000000850       0x18 ./system/src/newlib/assert.o
 .debug_ranges  0x0000000000000868       0x28 ./system/src/diag/Trace.o
 .debug_ranges  0x0000000000000890       0x38 ./system/src/diag/trace_impl.o
 .debug_ranges  0x00000000000008c8       0x18 ./system/src/cortexm/_initialize_hardware.o
 .debug_ranges  0x00000000000008e0       0x98 ./system/src/cortexm/exception_handlers.o
 .debug_ranges  0x0000000000000978       0x20 ./system/src/cmsis/system_stm32f30x.o
 .debug_ranges  0x0000000000000998       0x10 ./system/src/cmsis/vectors_stm32f30x.o
 .debug_ranges  0x00000000000009a8       0x28 ./src/Timer.o
 .debug_ranges  0x00000000000009d0       0x40 ./src/main.o

.debug_macro    0x0000000000000000    0x11c0b
 .debug_macro   0x0000000000000000      0x184 ./system/src/stm32f3-stdperiph/stm32f30x_adc.o
 .debug_macro   0x0000000000000184      0x898 ./system/src/stm32f3-stdperiph/stm32f30x_adc.o
 .debug_macro   0x0000000000000a1c       0x6e ./system/src/stm32f3-stdperiph/stm32f30x_adc.o
 .debug_macro   0x0000000000000a8a      0x34e ./system/src/stm32f3-stdperiph/stm32f30x_adc.o
 .debug_macro   0x0000000000000dd8       0x35 ./system/src/stm32f3-stdperiph/stm32f30x_adc.o
 .debug_macro   0x0000000000000e0d       0x50 ./system/src/stm32f3-stdperiph/stm32f30x_adc.o
 .debug_macro   0x0000000000000e5d      0xe66 ./system/src/stm32f3-stdperiph/stm32f30x_adc.o
 .debug_macro   0x0000000000001cc3     0x769b ./system/src/stm32f3-stdperiph/stm32f30x_adc.o
 .debug_macro   0x000000000000935e      0x3c9 ./system/src/stm32f3-stdperiph/stm32f30x_adc.o
 .debug_macro   0x0000000000009727       0x46 ./system/src/stm32f3-stdperiph/stm32f30x_adc.o
 .debug_macro   0x000000000000976d      0x231 ./system/src/stm32f3-stdperiph/stm32f30x_adc.o
 .debug_macro   0x000000000000999e      0x196 ./system/src/stm32f3-stdperiph/stm32f30x_adc.o
 .debug_macro   0x0000000000009b34       0x8e ./system/src/stm32f3-stdperiph/stm32f30x_adc.o
 .debug_macro   0x0000000000009bc2      0x3a9 ./system/src/stm32f3-stdperiph/stm32f30x_adc.o
 .debug_macro   0x0000000000009f6b      0x116 ./system/src/stm32f3-stdperiph/stm32f30x_adc.o
 .debug_macro   0x000000000000a081      0x1e4 ./system/src/stm32f3-stdperiph/stm32f30x_adc.o
 .debug_macro   0x000000000000a265      0x1b6 ./system/src/stm32f3-stdperiph/stm32f30x_adc.o
 .debug_macro   0x000000000000a41b      0x1df ./system/src/stm32f3-stdperiph/stm32f30x_adc.o
 .debug_macro   0x000000000000a5fa      0x29a ./system/src/stm32f3-stdperiph/stm32f30x_adc.o
 .debug_macro   0x000000000000a894       0x70 ./system/src/stm32f3-stdperiph/stm32f30x_adc.o
 .debug_macro   0x000000000000a904      0x10c ./system/src/stm32f3-stdperiph/stm32f30x_adc.o
 .debug_macro   0x000000000000aa10       0xb8 ./system/src/stm32f3-stdperiph/stm32f30x_adc.o
 .debug_macro   0x000000000000aac8      0x5c6 ./system/src/stm32f3-stdperiph/stm32f30x_adc.o
 .debug_macro   0x000000000000b08e      0x551 ./system/src/stm32f3-stdperiph/stm32f30x_adc.o
 .debug_macro   0x000000000000b5df      0x3ac ./system/src/stm32f3-stdperiph/stm32f30x_adc.o
 .debug_macro   0x000000000000b98b      0x8d8 ./system/src/stm32f3-stdperiph/stm32f30x_adc.o
 .debug_macro   0x000000000000c263      0x364 ./system/src/stm32f3-stdperiph/stm32f30x_adc.o
 .debug_macro   0x000000000000c5c7       0x34 ./system/src/stm32f3-stdperiph/stm32f30x_adc.o
 .debug_macro   0x000000000000c5fb       0x89 ./system/src/stm32f3-stdperiph/stm32f30x_adc.o
 .debug_macro   0x000000000000c684       0x35 ./system/src/stm32f3-stdperiph/stm32f30x_adc.o
 .debug_macro   0x000000000000c6b9      0x5a6 ./system/src/stm32f3-stdperiph/stm32f30x_adc.o
 .debug_macro   0x000000000000cc5f      0x197 ./system/src/stm32f3-stdperiph/stm32f30x_dac.o
 .debug_macro   0x000000000000cdf6      0x3cf ./system/src/stm32f3-stdperiph/stm32f30x_dac.o
 .debug_macro   0x000000000000d1c5      0x190 ./system/src/stm32f3-stdperiph/stm32f30x_dac.o
 .debug_macro   0x000000000000d355      0x16c ./system/src/stm32f3-stdperiph/stm32f30x_gpio.o
 .debug_macro   0x000000000000d4c1      0x1b0 ./system/src/stm32f3-stdperiph/stm32f30x_gpio.o
 .debug_macro   0x000000000000d671      0x209 ./system/src/stm32f3-stdperiph/stm32f30x_rcc.o
 .debug_macro   0x000000000000d87a      0x5c0 ./system/src/stm32f3-stdperiph/stm32f30x_rcc.o
 .debug_macro   0x000000000000de3a      0x196 ./system/src/stm32f3-stdperiph/stm32f30x_tim.o
 .debug_macro   0x000000000000dfd0      0x8d2 ./system/src/stm32f3-stdperiph/stm32f30x_tim.o
 .debug_macro   0x000000000000e8a2      0x182 ./system/src/newlib/_exit.o
 .debug_macro   0x000000000000ea24       0x9c ./system/src/newlib/_exit.o
 .debug_macro   0x000000000000eac0      0x10e ./system/src/newlib/_exit.o
 .debug_macro   0x000000000000ebce       0x8d ./system/src/newlib/_exit.o
 .debug_macro   0x000000000000ec5b       0x43 ./system/src/newlib/_exit.o
 .debug_macro   0x000000000000ec9e      0x30d ./system/src/newlib/_exit.o
 .debug_macro   0x000000000000efab       0x35 ./system/src/newlib/_exit.o
 .debug_macro   0x000000000000efe0      0x137 ./system/src/newlib/_sbrk.o
 .debug_macro   0x000000000000f117      0x174 ./system/src/newlib/_sbrk.o
 .debug_macro   0x000000000000f28b       0x10 ./system/src/newlib/_sbrk.o
 .debug_macro   0x000000000000f29b      0x23b ./system/src/newlib/_sbrk.o
 .debug_macro   0x000000000000f4d6      0x141 ./system/src/newlib/_startup.o
 .debug_macro   0x000000000000f617      0x89e ./system/src/newlib/_startup.o
 .debug_macro   0x000000000000feb5      0x1d6 ./system/src/newlib/_syscalls.o
 .debug_macro   0x000000000001008b       0x1c ./system/src/newlib/_syscalls.o
 .debug_macro   0x00000000000100a7       0x10 ./system/src/newlib/_syscalls.o
 .debug_macro   0x00000000000100b7       0x10 ./system/src/newlib/_syscalls.o
 .debug_macro   0x00000000000100c7       0x10 ./system/src/newlib/_syscalls.o
 .debug_macro   0x00000000000100d7       0x35 ./system/src/newlib/_syscalls.o
 .debug_macro   0x000000000001010c      0x122 ./system/src/newlib/_syscalls.o
 .debug_macro   0x000000000001022e       0x88 ./system/src/newlib/_syscalls.o
 .debug_macro   0x00000000000102b6       0x2b ./system/src/newlib/_syscalls.o
 .debug_macro   0x00000000000102e1      0x118 ./system/src/newlib/_syscalls.o
 .debug_macro   0x00000000000103f9      0x159 ./system/src/newlib/_syscalls.o
 .debug_macro   0x0000000000010552       0x16 ./system/src/newlib/_syscalls.o
 .debug_macro   0x0000000000010568      0x19e ./system/src/newlib/assert.o
 .debug_macro   0x0000000000010706       0x1c ./system/src/newlib/assert.o
 .debug_macro   0x0000000000010722      0x1af ./system/src/diag/Trace.o
 .debug_macro   0x00000000000108d1       0x16 ./system/src/diag/Trace.o
 .debug_macro   0x00000000000108e7       0x97 ./system/src/diag/Trace.o
 .debug_macro   0x000000000001097e       0xfd ./system/src/diag/Trace.o
 .debug_macro   0x0000000000010a7b       0x10 ./system/src/diag/Trace.o
 .debug_macro   0x0000000000010a8b       0x16 ./system/src/diag/Trace.o
 .debug_macro   0x0000000000010aa1      0x182 ./system/src/diag/Trace.o
 .debug_macro   0x0000000000010c23       0x52 ./system/src/diag/Trace.o
 .debug_macro   0x0000000000010c75       0x16 ./system/src/diag/Trace.o
 .debug_macro   0x0000000000010c8b      0x2a9 ./system/src/diag/trace_impl.o
 .debug_macro   0x0000000000010f34       0x10 ./system/src/diag/trace_impl.o
 .debug_macro   0x0000000000010f44       0xcf ./system/src/diag/trace_impl.o
 .debug_macro   0x0000000000011013       0x19 ./system/src/diag/trace_impl.o
 .debug_macro   0x000000000001102c       0xbe ./system/src/diag/trace_impl.o
 .debug_macro   0x00000000000110ea       0x22 ./system/src/diag/trace_impl.o
 .debug_macro   0x000000000001110c      0x16c ./system/src/cortexm/_initialize_hardware.o
 .debug_macro   0x0000000000011278      0x2df ./system/src/cortexm/exception_handlers.o
 .debug_macro   0x0000000000011557       0x3b ./system/src/cortexm/exception_handlers.o
 .debug_macro   0x0000000000011592       0x10 ./system/src/cortexm/exception_handlers.o
 .debug_macro   0x00000000000115a2      0x168 ./system/src/cmsis/system_stm32f30x.o
 .debug_macro   0x000000000001170a       0x34 ./system/src/cmsis/vectors_stm32f30x.o
 .debug_macro   0x000000000001173e      0x185 ./src/Timer.o
 .debug_macro   0x00000000000118c3       0x10 ./src/Timer.o
 .debug_macro   0x00000000000118d3      0x338 ./src/main.o
